Archive member included to satisfy reference by file (symbol)

C:/ST/STM32CubeIDE_1.14.0/STM32CubeIDE/plugins/com.st.stm32cube.ide.mcu.externaltools.gnu-tools-for-stm32.11.3.rel1.win32_1.1.100.202309141235/tools/bin/../lib/gcc/arm-none-eabi/11.3.1/../../../../arm-none-eabi/lib/thumb/v7-m/nofp\libc_nano.a(libc_a-exit.o)
                              C:/ST/STM32CubeIDE_1.14.0/STM32CubeIDE/plugins/com.st.stm32cube.ide.mcu.externaltools.gnu-tools-for-stm32.11.3.rel1.win32_1.1.100.202309141235/tools/bin/../lib/gcc/arm-none-eabi/11.3.1/../../../../arm-none-eabi/lib/thumb/v7-m/nofp/crt0.o (exit)
C:/ST/STM32CubeIDE_1.14.0/STM32CubeIDE/plugins/com.st.stm32cube.ide.mcu.externaltools.gnu-tools-for-stm32.11.3.rel1.win32_1.1.100.202309141235/tools/bin/../lib/gcc/arm-none-eabi/11.3.1/../../../../arm-none-eabi/lib/thumb/v7-m/nofp\libc_nano.a(libc_a-findfp.o)
                              C:/ST/STM32CubeIDE_1.14.0/STM32CubeIDE/plugins/com.st.stm32cube.ide.mcu.externaltools.gnu-tools-for-stm32.11.3.rel1.win32_1.1.100.202309141235/tools/bin/../lib/gcc/arm-none-eabi/11.3.1/../../../../arm-none-eabi/lib/thumb/v7-m/nofp\libc_nano.a(libc_a-exit.o) (__stdio_exit_handler)
C:/ST/STM32CubeIDE_1.14.0/STM32CubeIDE/plugins/com.st.stm32cube.ide.mcu.externaltools.gnu-tools-for-stm32.11.3.rel1.win32_1.1.100.202309141235/tools/bin/../lib/gcc/arm-none-eabi/11.3.1/../../../../arm-none-eabi/lib/thumb/v7-m/nofp\libc_nano.a(libc_a-fwalk.o)
                              C:/ST/STM32CubeIDE_1.14.0/STM32CubeIDE/plugins/com.st.stm32cube.ide.mcu.externaltools.gnu-tools-for-stm32.11.3.rel1.win32_1.1.100.202309141235/tools/bin/../lib/gcc/arm-none-eabi/11.3.1/../../../../arm-none-eabi/lib/thumb/v7-m/nofp\libc_nano.a(libc_a-findfp.o) (_fwalk_sglue)
C:/ST/STM32CubeIDE_1.14.0/STM32CubeIDE/plugins/com.st.stm32cube.ide.mcu.externaltools.gnu-tools-for-stm32.11.3.rel1.win32_1.1.100.202309141235/tools/bin/../lib/gcc/arm-none-eabi/11.3.1/../../../../arm-none-eabi/lib/thumb/v7-m/nofp\libc_nano.a(libc_a-snprintf.o)
                              ./Core/Src/comm.o (snprintf)
C:/ST/STM32CubeIDE_1.14.0/STM32CubeIDE/plugins/com.st.stm32cube.ide.mcu.externaltools.gnu-tools-for-stm32.11.3.rel1.win32_1.1.100.202309141235/tools/bin/../lib/gcc/arm-none-eabi/11.3.1/../../../../arm-none-eabi/lib/thumb/v7-m/nofp\libc_nano.a(libc_a-sscanf.o)
                              ./Core/Src/comm.o (sscanf)
C:/ST/STM32CubeIDE_1.14.0/STM32CubeIDE/plugins/com.st.stm32cube.ide.mcu.externaltools.gnu-tools-for-stm32.11.3.rel1.win32_1.1.100.202309141235/tools/bin/../lib/gcc/arm-none-eabi/11.3.1/../../../../arm-none-eabi/lib/thumb/v7-m/nofp\libc_nano.a(libc_a-stdio.o)
                              C:/ST/STM32CubeIDE_1.14.0/STM32CubeIDE/plugins/com.st.stm32cube.ide.mcu.externaltools.gnu-tools-for-stm32.11.3.rel1.win32_1.1.100.202309141235/tools/bin/../lib/gcc/arm-none-eabi/11.3.1/../../../../arm-none-eabi/lib/thumb/v7-m/nofp\libc_nano.a(libc_a-findfp.o) (__sread)
C:/ST/STM32CubeIDE_1.14.0/STM32CubeIDE/plugins/com.st.stm32cube.ide.mcu.externaltools.gnu-tools-for-stm32.11.3.rel1.win32_1.1.100.202309141235/tools/bin/../lib/gcc/arm-none-eabi/11.3.1/../../../../arm-none-eabi/lib/thumb/v7-m/nofp\libc_nano.a(libc_a-memset.o)
                              C:/ST/STM32CubeIDE_1.14.0/STM32CubeIDE/plugins/com.st.stm32cube.ide.mcu.externaltools.gnu-tools-for-stm32.11.3.rel1.win32_1.1.100.202309141235/tools/bin/../lib/gcc/arm-none-eabi/11.3.1/../../../../arm-none-eabi/lib/thumb/v7-m/nofp/crt0.o (memset)
C:/ST/STM32CubeIDE_1.14.0/STM32CubeIDE/plugins/com.st.stm32cube.ide.mcu.externaltools.gnu-tools-for-stm32.11.3.rel1.win32_1.1.100.202309141235/tools/bin/../lib/gcc/arm-none-eabi/11.3.1/../../../../arm-none-eabi/lib/thumb/v7-m/nofp\libc_nano.a(libc_a-strchr.o)
                              ./Core/Src/comm.o (strchr)
C:/ST/STM32CubeIDE_1.14.0/STM32CubeIDE/plugins/com.st.stm32cube.ide.mcu.externaltools.gnu-tools-for-stm32.11.3.rel1.win32_1.1.100.202309141235/tools/bin/../lib/gcc/arm-none-eabi/11.3.1/../../../../arm-none-eabi/lib/thumb/v7-m/nofp\libc_nano.a(libc_a-strncmp.o)
                              ./Core/Src/comm.o (strncmp)
C:/ST/STM32CubeIDE_1.14.0/STM32CubeIDE/plugins/com.st.stm32cube.ide.mcu.externaltools.gnu-tools-for-stm32.11.3.rel1.win32_1.1.100.202309141235/tools/bin/../lib/gcc/arm-none-eabi/11.3.1/../../../../arm-none-eabi/lib/thumb/v7-m/nofp\libc_nano.a(libc_a-strncpy.o)
                              ./Core/Src/display.o (strncpy)
C:/ST/STM32CubeIDE_1.14.0/STM32CubeIDE/plugins/com.st.stm32cube.ide.mcu.externaltools.gnu-tools-for-stm32.11.3.rel1.win32_1.1.100.202309141235/tools/bin/../lib/gcc/arm-none-eabi/11.3.1/../../../../arm-none-eabi/lib/thumb/v7-m/nofp\libc_nano.a(libc_a-closer.o)
                              C:/ST/STM32CubeIDE_1.14.0/STM32CubeIDE/plugins/com.st.stm32cube.ide.mcu.externaltools.gnu-tools-for-stm32.11.3.rel1.win32_1.1.100.202309141235/tools/bin/../lib/gcc/arm-none-eabi/11.3.1/../../../../arm-none-eabi/lib/thumb/v7-m/nofp\libc_nano.a(libc_a-stdio.o) (_close_r)
[...]
Memory Configuration

Name             Origin             Length             Attributes
RAM              0x0000000020000000 0x0000000000005000 xrw
FLASH            0x0000000008000000 0x0000000000010000 xr
*default*        0x0000000000000000 0xffffffffffffffff

Linker script and memory map

LOAD C:/ST/STM32CubeIDE_1.14.0/STM32CubeIDE/plugins/com.st.stm32cube.ide.mcu.externaltools.gnu-tools-for-stm32.11.3.rel1.win32_1.1.100.202309141235/tools/bin/../lib/gcc/arm-none-eabi/11.3.1/thumb/v7-m/nofp/crti.o
LOAD C:/ST/STM32CubeIDE_1.14.0/STM32CubeIDE/plugins/com.st.stm32cube.ide.mcu.externaltools.gnu-tools-for-stm32.11.3.rel1.win32_1.1.100.202309141235/tools/bin/../lib/gcc/arm-none-eabi/11.3.1/thumb/v7-m/nofp/crtbegin.o
LOAD C:/ST/STM32CubeIDE_1.14.0/STM32CubeIDE/plugins/com.st.stm32cube.ide.mcu.externaltools.gnu-tools-for-stm32.11.3.rel1.win32_1.1.100.202309141235/tools/bin/../lib/gcc/arm-none-eabi/11.3.1/../../../../arm-none-eabi/lib/thumb/v7-m/nofp/crt0.o
LOAD ./Core/Src/buttons.o
LOAD ./Core/Src/comm.o
LOAD ./Core/Src/deskmixer.o
LOAD ./Core/Src/display.o
LOAD ./Core/Src/flash.o
LOAD ./Core/Src/leds.o
LOAD ./Core/Src/main.o
LOAD ./Core/Src/params.o
LOAD ./Core/Src/sliders.o
LOAD ./Core/Src/stm32f1xx_hal_msp.o
LOAD ./Core/Src/stm32f1xx_it.o
LOAD ./Core/Src/syscalls.o
LOAD ./Core/Src/sysmem.o
LOAD ./Core/Src/system_stm32f1xx.o
LOAD ./Core/Startup/startup_stm32f103c8tx.o
LOAD ./Drivers/STM32F1xx_HAL_Driver/Src/stm32f1xx_hal.o
LOAD ./Drivers/STM32F1xx_HAL_Driver/Src/stm32f1xx_hal_adc.o
LOAD ./Drivers/STM32F1xx_HAL_Driver/Src/stm32f1xx_hal_adc_ex.o
LOAD ./Drivers/STM32F1xx_HAL_Driver/Src/stm32f1xx_hal_cortex.o
LOAD ./Drivers/STM32F1xx_HAL_Driver/Src/stm32f1xx_hal_dma.o
LOAD ./Drivers/STM32F1xx_HAL_Driver/Src/stm32f1xx_hal_exti.o
LOAD ./Drivers/STM32F1xx_HAL_Driver/Src/stm32f1xx_hal_flash.o
LOAD ./Drivers/STM32F1xx_HAL_Driver/Src/stm32f1xx_hal_flash_ex.o
LOAD ./Drivers/STM32F1xx_HAL_Driver/Src/stm32f1xx_hal_gpio.o
LOAD ./Drivers/STM32F1xx_HAL_Driver/Src/stm32f1xx_hal_gpio_ex.o
LOAD ./Drivers/STM32F1xx_HAL_Driver/Src/stm32f1xx_hal_i2c.o
LOAD ./Drivers/STM32F1xx_HAL_Driver/Src/stm32f1xx_hal_pcd.o
LOAD ./Drivers/STM32F1xx_HAL_Driver/Src/stm32f1xx_hal_pcd_ex.o
LOAD ./Drivers/STM32F1xx_HAL_Driver/Src/stm32f1xx_hal_pwr.o
LOAD ./Drivers/STM32F1xx_HAL_Driver/Src/stm32f1xx_hal_rcc.o
LOAD ./Drivers/STM32F1xx_HAL_Driver/Src/stm32f1xx_hal_rcc_ex.o
LOAD ./Drivers/STM32F1xx_HAL_Driver/Src/stm32f1xx_hal_spi.o
LOAD ./Drivers/STM32F1xx_HAL_Driver/Src/stm32f1xx_hal_tim.o
LOAD ./Drivers/STM32F1xx_HAL_Driver/Src/stm32f1xx_hal_tim_ex.o
LOAD ./Drivers/STM32F1xx_HAL_Driver/Src/stm32f1xx_ll_usb.o
LOAD ./Middlewares/ST/STM32_USB_Device_Library/Class/CDC/Src/usbd_cdc.o
LOAD ./Middlewares/ST/STM32_USB_Device_Library/Core/Src/usbd_core.o
LOAD ./Middlewares/ST/STM32_USB_Device_Library/Core/Src/usbd_ctlreq.o
LOAD ./Middlewares/ST/STM32_USB_Device_Library/Core/Src/usbd_ioreq.o
LOAD ./USB_DEVICE/App/usb_device.o
LOAD ./USB_DEVICE/App/usbd_cdc_if.o
LOAD ./USB_DEVICE/App/usbd_desc.o
LOAD ./USB_DEVICE/Target/usbd_conf.o
START GROUP
LOAD C:/ST/STM32CubeIDE_1.14.0/STM32CubeIDE/plugins/com.st.stm32cube.ide.mcu.externaltools.gnu-tools-for-stm32.11.3.rel1.win32_1.1.100.202309141235/tools/bin/../lib/gcc/arm-none-eabi/11.3.1/../../../../arm-none-eabi/lib/thumb/v7-m/nofp\libc_nano.a
LOAD C:/ST/STM32CubeIDE_1.14.0/STM32CubeIDE/plugins/com.st.stm32cube.ide.mcu.externaltools.gnu-tools-for-stm32.11.3.rel1.win32_1.1.100.202309141235/tools/bin/../lib/gcc/arm-none-eabi/11.3.1/../../../../arm-none-eabi/lib/thumb/v7-m/nofp\libm.a
END GROUP
START GROUP
LOAD C:/ST/STM32CubeIDE_1.14.0/STM32CubeIDE/plugins/com.st.stm32cube.ide.mcu.externaltools.gnu-tools-for-stm32.11.3.rel1.win32_1.1.100.202309141235/tools/bin/../lib/gcc/arm-none-eabi/11.3.1/thumb/v7-m/nofp\libgcc.a
LOAD C:/ST/STM32CubeIDE_1.14.0/STM32CubeIDE/plugins/com.st.stm32cube.ide.mcu.externaltools.gnu-tools-for-stm32.11.3.rel1.win32_1.1.100.202309141235/tools/bin/../lib/gcc/arm-none-eabi/11.3.1/../../../../arm-none-eabi/lib/thumb/v7-m/nofp\libc_nano.a
END GROUP
START GROUP
LOAD C:/ST/STM32CubeIDE_1.14.0/STM32CubeIDE/plugins/com.st.stm32cube.ide.mcu.externaltools.gnu-tools-for-stm32.11.3.rel1.win32_1.1.100.202309141235/tools/bin/../lib/gcc/arm-none-eabi/11.3.1/thumb/v7-m/nofp\libgcc.a
LOAD C:/ST/STM32CubeIDE_1.14.0/STM32CubeIDE/plugins/com.st.stm32cube.ide.mcu.externaltools.gnu-tools-for-stm32.11.3.rel1.win32_1.1.100.202309141235/tools/bin/../lib/gcc/arm-none-eabi/11.3.1/../../../../arm-none-eabi/lib/thumb/v7-m/nofp\libc_nano.a
LOAD C:/ST/STM32CubeIDE_1.14.0/STM32CubeIDE/plugins/com.st.stm32cube.ide.mcu.externaltools.gnu-tools-for-stm32.11.3.rel1.win32_1.1.100.202309141235/tools/bin/../lib/gcc/arm-none-eabi/11.3.1/../../../../arm-none-eabi/lib/thumb/v7-m/nofp\libnosys.a
END GROUP
START GROUP
LOAD C:/ST/STM32CubeIDE_1.14.0/STM32CubeIDE/plugins/com.st.stm32cube.ide.mcu.externaltools.gnu-tools-for-stm32.11.3.rel1.win32_1.1.100.202309141235/tools/bin/../lib/gcc/arm-none-eabi/11.3.1/thumb/v7-m/nofp\libgcc.a
LOAD C:/ST/STM32CubeIDE_1.14.0/STM32CubeIDE/plugins/com.st.stm32cube.ide.mcu.externaltools.gnu-tools-for-stm32.11.3.rel1.win32_1.1.100.202309141235/tools/bin/../lib/gcc/arm-none-eabi/11.3.1/../../../../arm-none-eabi/lib/thumb/v7-m/nofp\libc_nano.a
LOAD C:/ST/STM32CubeIDE_1.14.0/STM32CubeIDE/plugins/com.st.stm32cube.ide.mcu.externaltools.gnu-tools-for-stm32.11.3.rel1.win32_1.1.100.202309141235/tools/bin/../lib/gcc/arm-none-eabi/11.3.1/../../../../arm-none-eabi/lib/thumb/v7-m/nofp\libnosys.a
END GROUP
LOAD C:/ST/STM32CubeIDE_1.14.0/STM32CubeIDE/plugins/com.st.stm32cube.ide.mcu.externaltools.gnu-tools-for-stm32.11.3.rel1.win32_1.1.100.202309141235/tools/bin/../lib/gcc/arm-none-eabi/11.3.1/thumb/v7-m/nofp/crtend.o
LOAD C:/ST/STM32CubeIDE_1.14.0/STM32CubeIDE/plugins/com.st.stm32cube.ide.mcu.externaltools.gnu-tools-for-stm32.11.3.rel1.win32_1.1.100.202309141235/tools/bin/../lib/gcc/arm-none-eabi/11.3.1/thumb/v7-m/nofp/crtn.o
                0x0000000020005000                _estack = (ORIGIN (RAM) + LENGTH (RAM))
                0x0000000000000200                _Min_Heap_Size = 0x200
                0x0000000000000400                _Min_Stack_Size = 0x400

.isr_vector     0x0000000008000000      0x10c
                0x0000000008000000                . = ALIGN (0x4)
 *(.isr_vector)
 .isr_vector    0x0000000008000000      0x10c ./Core/Startup/startup_stm32f103c8tx.o
                0x0000000008000000                g_pfnVectors
                0x000000000800010c                . = ALIGN (0x4)

.text           0x000000000800010c     0xdd24
                0x000000000800010c                . = ALIGN (0x4)
 *(.text)
 .text          0x000000000800010c       0x40 C:/ST/STM32CubeIDE_1.14.0/STM32CubeIDE/plugins/com.st.stm32cube.ide.mcu.externaltools.gnu-tools-for-stm32.11.3.rel1.win32_1.1.100.202309141235/tools/bin/../lib/gcc/arm-none-eabi/11.3.1/thumb/v7-m/nofp/crtbegin.o
 .text          0x000000000800014c       0x14 C:/ST/STM32CubeIDE_1.14.0/STM32CubeIDE/plugins/com.st.stm32cube.ide.mcu.externaltools.gnu-tools-for-stm32.11.3.rel1.win32_1.1.100.202309141235/tools/bin/../lib/gcc/arm-none-eabi/11.3.1/../../../../arm-none-eabi/lib/thumb/v7-m/nofp\libc_nano.a(libc_a-strcmp.o)
                0x000000000800014c                strcmp
 .text          0x0000000008000160       0x10 C:/ST/STM32CubeIDE_1.14.0/STM32CubeIDE/plugins/com.st.stm32cube.ide.mcu.externaltools.gnu-tools-for-stm32.11.3.rel1.win32_1.1.100.202309141235/tools/bin/../lib/gcc/arm-none-eabi/11.3.1/../../../../arm-none-eabi/lib/thumb/v7-m/nofp\libc_nano.a(libc_a-strlen.o)
                0x0000000008000160                strlen
 *(.text*)
 .text.BUTTONS_Init
                0x0000000008000170       0x80 ./Core/Src/buttons.o
                0x0000000008000170                BUTTONS_Init
 .text.BUTTONS_Read
                0x00000000080001f0       0xb4 ./Core/Src/buttons.o
                0x00000000080001f0                BUTTONS_Read
 .text.BUTTONS_GetState
                0x00000000080002a4       0x28 ./Core/Src/buttons.o
                0x00000000080002a4                BUTTONS_GetState
 .text.BUTTONS_GetPressEvent
                0x00000000080002cc       0x34 ./Core/Src/buttons.o
                0x00000000080002cc                BUTTONS_GetPressEvent
 .text._send_reliable
                0x0000000008000300       0x4e ./Core/Src/comm.o
 .text._send_best_effort
                0x000000000800034e       0x1e ./Core/Src/comm.o
 .text.COMM_Init
                0x000000000800036c       0x78 ./Core/Src/comm.o
                0x000000000800036c                COMM_Init
 .text.COMM_OnRxData
                0x00000000080003e4      0x4c0 ./Core/Src/comm.o
                0x00000000080003e4                COMM_OnRxData
 .text.COMM_SendSliders
                0x00000000080008a4      0x25c ./Core/Src/comm.o
                0x00000000080008a4                COMM_SendSliders
 .text.COMM_SendButtonPress
                0x0000000008000b00       0x5c ./Core/Src/comm.o
                0x0000000008000b00                COMM_SendButtonPress
 .text.COMM_Send
                0x0000000008000b5c       0x2c ./Core/Src/comm.o
                0x0000000008000b5c                COMM_Send
 .text.COMM_Process
                0x0000000008000b88       0x68 ./Core/Src/comm.o
                0x0000000008000b88                COMM_Process
 .text.DESKMIXER_Init
                0x0000000008000bf0       0x40 ./Core/Src/deskmixer.o
                0x0000000008000bf0                DESKMIXER_Init
 .text.DESKMIXER_Run
                0x0000000008000c30       0xdc ./Core/Src/deskmixer.o
                0x0000000008000c30                DESKMIXER_Run
 .text.write_cmd
                0x0000000008000d0c       0x34 ./Core/Src/display.o
 .text.write_cmd2
                0x0000000008000d40       0x3c ./Core/Src/display.o
 .text.DISPLAY_Init
                0x0000000008000d7c       0x68 ./Core/Src/display.o
                0x0000000008000d7c                DISPLAY_Init
 .text.DISPLAY_Clear
                0x0000000008000de4       0x18 ./Core/Src/display.o
                0x0000000008000de4                DISPLAY_Clear
 .text.DISPLAY_Flush
                0x0000000008000dfc       0x78 ./Core/Src/display.o
                0x0000000008000dfc                DISPLAY_Flush
 .text.DISPLAY_DrawChar
                0x0000000008000e74       0xa0 ./Core/Src/display.o
                0x0000000008000e74                DISPLAY_DrawChar
 .text.DISPLAY_DrawString
                0x0000000008000f14       0x42 ./Core/Src/display.o
                0x0000000008000f14                DISPLAY_DrawString
 *fill*         0x0000000008000f56        0x2 
 .text.DISPLAY_DrawChar2x
                0x0000000008000f58      0x194 ./Core/Src/display.o
                0x0000000008000f58                DISPLAY_DrawChar2x
 .text.DISPLAY_DrawString2x
                0x00000000080010ec       0x42 ./Core/Src/display.o
                0x00000000080010ec                DISPLAY_DrawString2x
 *fill*         0x000000000800112e        0x2 
 .text.DISPLAY_ShowSplash
                0x0000000008001130       0x74 ./Core/Src/display.o
                0x0000000008001130                DISPLAY_ShowSplash
 .text.DISPLAY_SetConnectionState
                0x00000000080011a4       0x58 ./Core/Src/display.o
                0x00000000080011a4                DISPLAY_SetConnectionState
 .text.DISPLAY_ShowOverride
                0x00000000080011fc       0x74 ./Core/Src/display.o
                0x00000000080011fc                DISPLAY_ShowOverride
 .text.DISPLAY_Process
                0x0000000008001270      0x174 ./Core/Src/display.o
                0x0000000008001270                DISPLAY_Process
 .text.flash_cmd
                0x00000000080013e4       0x3c ./Core/Src/flash.o
 .text.send_addr
                0x0000000008001420       0x38 ./Core/Src/flash.o
 .text.FLASH_Init
                0x0000000008001458       0x54 ./Core/Src/flash.o
                0x0000000008001458                FLASH_Init
 .text.FLASH_ReadID
                0x00000000080014ac       0x4c ./Core/Src/flash.o
                0x00000000080014ac                FLASH_ReadID
 .text.FLASH_IsBusy
                0x00000000080014f8       0x54 ./Core/Src/flash.o
                0x00000000080014f8                FLASH_IsBusy
 .text.FLASH_WaitReady
                0x000000000800154c       0x1c ./Core/Src/flash.o
                0x000000000800154c                FLASH_WaitReady
 .text.FLASH_Read
                0x0000000008001568       0x58 ./Core/Src/flash.o
                0x0000000008001568                FLASH_Read
 .text.FLASH_PageProgram
                0x00000000080015c0       0x64 ./Core/Src/flash.o
                0x00000000080015c0                FLASH_PageProgram
 .text.FLASH_EraseSector
                0x0000000008001624       0x50 ./Core/Src/flash.o
                0x0000000008001624                FLASH_EraseSector
 .text.build_lookup
                0x0000000008001674       0x94 ./Core/Src/leds.o
 .text._brite   0x0000000008001708       0x34 ./Core/Src/leds.o
 .text.rebuild_leds
                0x000000000800173c      0x4e4 ./Core/Src/leds.o
 .text.LED_Init
                0x0000000008001c20       0xf8 ./Core/Src/leds.o
                0x0000000008001c20                LED_Init
 .text.LED_SetSliderValue
                0x0000000008001d18       0x6c ./Core/Src/leds.o
                0x0000000008001d18                LED_SetSliderValue
 .text.LED_SetButtonMask
                0x0000000008001d84       0x20 ./Core/Src/leds.o
                0x0000000008001d84                LED_SetButtonMask
 .text.LED_Process
                0x0000000008001da4       0xe4 ./Core/Src/leds.o
                0x0000000008001da4                LED_Process
 .text.LED_Show
                0x0000000008001e88       0xb8 ./Core/Src/leds.o
                0x0000000008001e88                LED_Show
 .text.LED_SetBrightnessPct
                0x0000000008001f40       0x28 ./Core/Src/leds.o
                0x0000000008001f40                LED_SetBrightnessPct
 .text.LED_SetAnimSpeedLevel
                0x0000000008001f68       0x5c ./Core/Src/leds.o
                0x0000000008001f68                LED_SetAnimSpeedLevel
 .text.LED_SetSliderFillMode
                0x0000000008001fc4       0x20 ./Core/Src/leds.o
                0x0000000008001fc4                LED_SetSliderFillMode
 .text.LED_SetButtonFillMode
                0x0000000008001fe4       0x20 ./Core/Src/leds.o
                0x0000000008001fe4                LED_SetButtonFillMode
 .text.LED_SetSliderStyleMode
                0x0000000008002004       0x20 ./Core/Src/leds.o
                0x0000000008002004                LED_SetSliderStyleMode
 .text.LED_SetButtonStyleMode
                0x0000000008002024       0x20 ./Core/Src/leds.o
                0x0000000008002024                LED_SetButtonStyleMode
 .text.LED_SetSliderColor
                0x0000000008002044       0x54 ./Core/Src/leds.o
                0x0000000008002044                LED_SetSliderColor
 .text.LED_SetButtonColor
                0x0000000008002098       0x54 ./Core/Src/leds.o
                0x0000000008002098                LED_SetButtonColor
 .text.main     0x00000000080020ec       0x32 ./Core/Src/main.o
                0x00000000080020ec                main
 .text.SystemClock_Config
                0x000000000800211e       0xbe ./Core/Src/main.o
                0x000000000800211e                SystemClock_Config
 .text.MX_ADC1_Init
                0x00000000080021dc       0x7c ./Core/Src/main.o
 .text.MX_I2C1_Init
                0x0000000008002258       0x5c ./Core/Src/main.o
 .text.MX_SPI1_Init
                0x00000000080022b4       0x6c ./Core/Src/main.o
 .text.MX_SPI2_Init
                0x0000000008002320       0x6c ./Core/Src/main.o
 .text.MX_DMA_Init
                0x000000000800238c       0x3c ./Core/Src/main.o
 .text.MX_GPIO_Init
                0x00000000080023c8       0xac ./Core/Src/main.o
 .text.Error_Handler
                0x0000000008002474        0xa ./Core/Src/main.o
                0x0000000008002474                Error_Handler
 *fill*         0x000000000800247e        0x2 
 .text.set_default
                0x0000000008002480      0x1a8 ./Core/Src/params.o
 .text.PARAMS_Init
                0x0000000008002628        0xc ./Core/Src/params.o
                0x0000000008002628                PARAMS_Init
 .text.PARAMS_Load
                0x0000000008002634       0x2c ./Core/Src/params.o
                0x0000000008002634                PARAMS_Load
 .text.PARAMS_Save
                0x0000000008002660       0x1c ./Core/Src/params.o
                0x0000000008002660                PARAMS_Save
 .text.PARAMS_Process
                0x000000000800267c       0x20 ./Core/Src/params.o
                0x000000000800267c                PARAMS_Process
 .text.PARAMS_Update
                0x000000000800269c      0x1f0 ./Core/Src/params.o
                0x000000000800269c                PARAMS_Update
 .text.PARAMS_SendList
                0x000000000800288c       0x80 ./Core/Src/params.o
                0x000000000800288c                PARAMS_SendList
 .text.PARAMS_GetSliderName
                0x000000000800290c       0x64 ./Core/Src/params.o
                0x000000000800290c                PARAMS_GetSliderName
 .text.PARAMS_GetButtonName
                0x0000000008002970       0x70 ./Core/Src/params.o
                0x0000000008002970                PARAMS_GetButtonName
 .text.PARAMS_SetBrightness
                0x00000000080029e0       0x44 ./Core/Src/params.o
                0x00000000080029e0                PARAMS_SetBrightness
 .text.PARAMS_SetSliderStyle
                0x0000000008002a24       0x38 ./Core/Src/params.o
                0x0000000008002a24                PARAMS_SetSliderStyle
 .text.PARAMS_SetButtonStyle
                0x0000000008002a5c       0x38 ./Core/Src/params.o
                0x0000000008002a5c                PARAMS_SetButtonStyle
 .text.PARAMS_SetSliderFill
                0x0000000008002a94       0x38 ./Core/Src/params.o
                0x0000000008002a94                PARAMS_SetSliderFill
 .text.PARAMS_SetButtonFill
                0x0000000008002acc       0x38 ./Core/Src/params.o
                0x0000000008002acc                PARAMS_SetButtonFill
 .text.PARAMS_SetAnimSpeed
                0x0000000008002b04       0x4c ./Core/Src/params.o
                0x0000000008002b04                PARAMS_SetAnimSpeed
 .text.PARAMS_SetSliderColor
                0x0000000008002b50       0x74 ./Core/Src/params.o
                0x0000000008002b50                PARAMS_SetSliderColor
 .text.PARAMS_SetButtonColor
                0x0000000008002bc4       0x74 ./Core/Src/params.o
                0x0000000008002bc4                PARAMS_SetButtonColor
 .text.PARAMS_ApplyToLeds
                0x0000000008002c38       0xf0 ./Core/Src/params.o
                0x0000000008002c38                PARAMS_ApplyToLeds
 .text.SLIDERS_Init
                0x0000000008002d28       0x14 ./Core/Src/sliders.o
                0x0000000008002d28                SLIDERS_Init
 .text.SLIDERS_Read
                0x0000000008002d3c       0xe8 ./Core/Src/sliders.o
                0x0000000008002d3c                SLIDERS_Read
 .text.SLIDERS_GetAll
                0x0000000008002e24       0x14 ./Core/Src/sliders.o
                0x0000000008002e24                SLIDERS_GetAll
 .text.HAL_MspInit
                0x0000000008002e38       0x64 ./Core/Src/stm32f1xx_hal_msp.o
                0x0000000008002e38                HAL_MspInit
 .text.HAL_ADC_MspInit
                0x0000000008002e9c       0x78 ./Core/Src/stm32f1xx_hal_msp.o
                0x0000000008002e9c                HAL_ADC_MspInit
 .text.HAL_I2C_MspInit
                0x0000000008002f14       0x7c ./Core/Src/stm32f1xx_hal_msp.o
                0x0000000008002f14                HAL_I2C_MspInit
 .text.HAL_SPI_MspInit
                0x0000000008002f90      0x148 ./Core/Src/stm32f1xx_hal_msp.o
                0x0000000008002f90                HAL_SPI_MspInit
 .text.NMI_Handler
                0x00000000080030d8        0x6 ./Core/Src/stm32f1xx_it.o
                0x00000000080030d8                NMI_Handler
 .text.HardFault_Handler
                0x00000000080030de        0x6 ./Core/Src/stm32f1xx_it.o
                0x00000000080030de                HardFault_Handler
 .text.MemManage_Handler
                0x00000000080030e4        0x6 ./Core/Src/stm32f1xx_it.o
                0x00000000080030e4                MemManage_Handler
 .text.BusFault_Handler
                0x00000000080030ea        0x6 ./Core/Src/stm32f1xx_it.o
                0x00000000080030ea                BusFault_Handler
 .text.UsageFault_Handler
                0x00000000080030f0        0x6 ./Core/Src/stm32f1xx_it.o
                0x00000000080030f0                UsageFault_Handler
 .text.SVC_Handler
                0x00000000080030f6        0xc ./Core/Src/stm32f1xx_it.o
                0x00000000080030f6                SVC_Handler
 .text.DebugMon_Handler
                0x0000000008003102        0xc ./Core/Src/stm32f1xx_it.o
                0x0000000008003102                DebugMon_Handler
 .text.PendSV_Handler
                0x000000000800310e        0xc ./Core/Src/stm32f1xx_it.o
                0x000000000800310e                PendSV_Handler
 .text.SysTick_Handler
                0x000000000800311a        0xc ./Core/Src/stm32f1xx_it.o
                0x000000000800311a                SysTick_Handler
 *fill*         0x0000000008003126        0x2 
 .text.DMA1_Channel5_IRQHandler
                0x0000000008003128       0x14 ./Core/Src/stm32f1xx_it.o
                0x0000000008003128                DMA1_Channel5_IRQHandler
 .text.USB_LP_CAN1_RX0_IRQHandler
                0x000000000800313c       0x14 ./Core/Src/stm32f1xx_it.o
                0x000000000800313c                USB_LP_CAN1_RX0_IRQHandler
 .text._sbrk    0x0000000008003150       0x6c ./Core/Src/sysmem.o
                0x0000000008003150                _sbrk
 .text.SystemInit
                0x00000000080031bc        0xc ./Core/Src/system_stm32f1xx.o
                0x00000000080031bc                SystemInit
 .text.Reset_Handler
                0x00000000080031c8       0x48 ./Core/Startup/startup_stm32f103c8tx.o
                0x00000000080031c8                Reset_Handler
 .text.Default_Handler
                0x0000000008003210        0x2 ./Core/Startup/startup_stm32f103c8tx.o
                0x0000000008003210                RTC_Alarm_IRQHandler
                0x0000000008003210                EXTI2_IRQHandler
                0x0000000008003210                TIM1_CC_IRQHandler
                0x0000000008003210                PVD_IRQHandler
                0x0000000008003210                EXTI3_IRQHandler
                0x0000000008003210                EXTI0_IRQHandler
                0x0000000008003210                I2C2_EV_IRQHandler
                0x0000000008003210                ADC1_2_IRQHandler
                0x0000000008003210                SPI1_IRQHandler
                0x0000000008003210                TAMPER_IRQHandler
                0x0000000008003210                DMA1_Channel4_IRQHandler
                0x0000000008003210                USART3_IRQHandler
                0x0000000008003210                RTC_IRQHandler
                0x0000000008003210                DMA1_Channel7_IRQHandler
                0x0000000008003210                CAN1_RX1_IRQHandler
                0x0000000008003210                TIM4_IRQHandler
                0x0000000008003210                I2C1_EV_IRQHandler
                0x0000000008003210                DMA1_Channel6_IRQHandler
                0x0000000008003210                TIM3_IRQHandler
                0x0000000008003210                RCC_IRQHandler
                0x0000000008003210                TIM1_TRG_COM_IRQHandler
                0x0000000008003210                DMA1_Channel1_IRQHandler
                0x0000000008003210                Default_Handler
                0x0000000008003210                EXTI15_10_IRQHandler
                0x0000000008003210                EXTI9_5_IRQHandler
                0x0000000008003210                SPI2_IRQHandler
                0x0000000008003210                EXTI4_IRQHandler
                0x0000000008003210                USB_HP_CAN1_TX_IRQHandler
                0x0000000008003210                DMA1_Channel3_IRQHandler
                0x0000000008003210                TIM1_UP_IRQHandler
                0x0000000008003210                WWDG_IRQHandler
                0x0000000008003210                TIM2_IRQHandler
                0x0000000008003210                TIM1_BRK_IRQHandler
                0x0000000008003210                EXTI1_IRQHandler
                0x0000000008003210                USART2_IRQHandler
                0x0000000008003210                I2C2_ER_IRQHandler
                0x0000000008003210                DMA1_Channel2_IRQHandler
                0x0000000008003210                CAN1_SCE_IRQHandler
                0x0000000008003210                FLASH_IRQHandler
                0x0000000008003210                USART1_IRQHandler
                0x0000000008003210                I2C1_ER_IRQHandler
                0x0000000008003210                USBWakeUp_IRQHandler
 *fill*         0x0000000008003212        0x2 
 .text.HAL_Init
                0x0000000008003214       0x2c ./Drivers/STM32F1xx_HAL_Driver/Src/stm32f1xx_hal.o
                0x0000000008003214                HAL_Init
 .text.HAL_InitTick
                0x0000000008003240       0x60 ./Drivers/STM32F1xx_HAL_Driver/Src/stm32f1xx_hal.o
                0x0000000008003240                HAL_InitTick
 .text.HAL_IncTick
                0x00000000080032a0       0x24 ./Drivers/STM32F1xx_HAL_Driver/Src/stm32f1xx_hal.o
                0x00000000080032a0                HAL_IncTick
 .text.HAL_GetTick
                0x00000000080032c4       0x14 ./Drivers/STM32F1xx_HAL_Driver/Src/stm32f1xx_hal.o
                0x00000000080032c4                HAL_GetTick
 .text.HAL_Delay
                0x00000000080032d8       0x48 ./Drivers/STM32F1xx_HAL_Driver/Src/stm32f1xx_hal.o
                0x00000000080032d8                HAL_Delay
 .text.HAL_ADC_Init
                0x0000000008003320      0x1b0 ./Drivers/STM32F1xx_HAL_Driver/Src/stm32f1xx_hal_adc.o
                0x0000000008003320                HAL_ADC_Init
 .text.HAL_ADC_Start
                0x00000000080034d0      0x15c ./Drivers/STM32F1xx_HAL_Driver/Src/stm32f1xx_hal_adc.o
                0x00000000080034d0                HAL_ADC_Start
 .text.HAL_ADC_Stop
                0x000000000800362c       0x58 ./Drivers/STM32F1xx_HAL_Driver/Src/stm32f1xx_hal_adc.o
                0x000000000800362c                HAL_ADC_Stop
 .text.HAL_ADC_PollForConversion
                0x0000000008003684      0x20c ./Drivers/STM32F1xx_HAL_Driver/Src/stm32f1xx_hal_adc.o
                0x0000000008003684                HAL_ADC_PollForConversion
 .text.HAL_ADC_GetValue
                0x0000000008003890       0x18 ./Drivers/STM32F1xx_HAL_Driver/Src/stm32f1xx_hal_adc.o
                0x0000000008003890                HAL_ADC_GetValue
 .text.HAL_ADC_ConfigChannel
                0x00000000080038a8      0x1f0 ./Drivers/STM32F1xx_HAL_Driver/Src/stm32f1xx_hal_adc.o
                0x00000000080038a8                HAL_ADC_ConfigChannel
 .text.ADC_Enable
                0x0000000008003a98       0xb4 ./Drivers/STM32F1xx_HAL_Driver/Src/stm32f1xx_hal_adc.o
                0x0000000008003a98                ADC_Enable
 .text.ADC_ConversionStop_Disable
                0x0000000008003b4c       0x82 ./Drivers/STM32F1xx_HAL_Driver/Src/stm32f1xx_hal_adc.o
                0x0000000008003b4c                ADC_ConversionStop_Disable
 *fill*         0x0000000008003bce        0x2 
 .text.HAL_ADCEx_Calibration_Start
                0x0000000008003bd0      0x15c ./Drivers/STM32F1xx_HAL_Driver/Src/stm32f1xx_hal_adc_ex.o
                0x0000000008003bd0                HAL_ADCEx_Calibration_Start
 .text.__NVIC_SetPriorityGrouping
                0x0000000008003d2c       0x48 ./Drivers/STM32F1xx_HAL_Driver/Src/stm32f1xx_hal_cortex.o
 .text.__NVIC_GetPriorityGrouping
                0x0000000008003d74       0x1c ./Drivers/STM32F1xx_HAL_Driver/Src/stm32f1xx_hal_cortex.o
 .text.__NVIC_EnableIRQ
                0x0000000008003d90       0x38 ./Drivers/STM32F1xx_HAL_Driver/Src/stm32f1xx_hal_cortex.o
 .text.__NVIC_SetPriority
                0x0000000008003dc8       0x54 ./Drivers/STM32F1xx_HAL_Driver/Src/stm32f1xx_hal_cortex.o
 .text.NVIC_EncodePriority
                0x0000000008003e1c       0x64 ./Drivers/STM32F1xx_HAL_Driver/Src/stm32f1xx_hal_cortex.o
 .text.SysTick_Config
                0x0000000008003e80       0x44 ./Drivers/STM32F1xx_HAL_Driver/Src/stm32f1xx_hal_cortex.o
 .text.HAL_NVIC_SetPriorityGrouping
                0x0000000008003ec4       0x16 ./Drivers/STM32F1xx_HAL_Driver/Src/stm32f1xx_hal_cortex.o
                0x0000000008003ec4                HAL_NVIC_SetPriorityGrouping
 .text.HAL_NVIC_SetPriority
                0x0000000008003eda       0x38 ./Drivers/STM32F1xx_HAL_Driver/Src/stm32f1xx_hal_cortex.o
                0x0000000008003eda                HAL_NVIC_SetPriority
 .text.HAL_NVIC_EnableIRQ
                0x0000000008003f12       0x1c ./Drivers/STM32F1xx_HAL_Driver/Src/stm32f1xx_hal_cortex.o
                0x0000000008003f12                HAL_NVIC_EnableIRQ
 .text.HAL_SYSTICK_Config
                0x0000000008003f2e       0x18 ./Drivers/STM32F1xx_HAL_Driver/Src/stm32f1xx_hal_cortex.o
                0x0000000008003f2e                HAL_SYSTICK_Config
 *fill*         0x0000000008003f46        0x2 
 .text.HAL_DMA_Init
                0x0000000008003f48       0xb4 ./Drivers/STM32F1xx_HAL_Driver/Src/stm32f1xx_hal_dma.o
                0x0000000008003f48                HAL_DMA_Init
 .text.HAL_DMA_Start_IT
                0x0000000008003ffc       0xc0 ./Drivers/STM32F1xx_HAL_Driver/Src/stm32f1xx_hal_dma.o
                0x0000000008003ffc                HAL_DMA_Start_IT
 .text.HAL_DMA_IRQHandler
                0x00000000080040bc      0x20c ./Drivers/STM32F1xx_HAL_Driver/Src/stm32f1xx_hal_dma.o
                0x00000000080040bc                HAL_DMA_IRQHandler
 .text.DMA_SetConfig
                0x00000000080042c8       0x5a ./Drivers/STM32F1xx_HAL_Driver/Src/stm32f1xx_hal_dma.o
 *fill*         0x0000000008004322        0x2 
 .text.HAL_GPIO_Init
                0x0000000008004324      0x308 ./Drivers/STM32F1xx_HAL_Driver/Src/stm32f1xx_hal_gpio.o
                0x0000000008004324                HAL_GPIO_Init
 .text.HAL_GPIO_ReadPin
                0x000000000800462c       0x2e ./Drivers/STM32F1xx_HAL_Driver/Src/stm32f1xx_hal_gpio.o
                0x000000000800462c                HAL_GPIO_ReadPin
 .text.HAL_GPIO_WritePin
                0x000000000800465a       0x30 ./Drivers/STM32F1xx_HAL_Driver/Src/stm32f1xx_hal_gpio.o
                0x000000000800465a                HAL_GPIO_WritePin
 *fill*         0x000000000800468a        0x2 
 .text.HAL_I2C_Init
                0x000000000800468c      0x288 ./Drivers/STM32F1xx_HAL_Driver/Src/stm32f1xx_hal_i2c.o
                0x000000000800468c                HAL_I2C_Init
 .text.HAL_I2C_Master_Transmit
                0x0000000008004914      0x1fc ./Drivers/STM32F1xx_HAL_Driver/Src/stm32f1xx_hal_i2c.o
                0x0000000008004914                HAL_I2C_Master_Transmit
 .text.I2C_MasterRequestWrite
                0x0000000008004b10      0x104 ./Drivers/STM32F1xx_HAL_Driver/Src/stm32f1xx_hal_i2c.o
 .text.I2C_WaitOnFlagUntilTimeout
                0x0000000008004c14       0xf4 ./Drivers/STM32F1xx_HAL_Driver/Src/stm32f1xx_hal_i2c.o
 .text.I2C_WaitOnMasterAddressFlagUntilTimeout
                0x0000000008004d08      0x140 ./Drivers/STM32F1xx_HAL_Driver/Src/stm32f1xx_hal_i2c.o
 .text.I2C_WaitOnTXEFlagUntilTimeout
                0x0000000008004e48       0x90 ./Drivers/STM32F1xx_HAL_Driver/Src/stm32f1xx_hal_i2c.o
 .text.I2C_WaitOnBTFFlagUntilTimeout
                0x0000000008004ed8       0x90 ./Drivers/STM32F1xx_HAL_Driver/Src/stm32f1xx_hal_i2c.o
 .text.I2C_IsAcknowledgeFailed
                0x0000000008004f68       0x5c ./Drivers/STM32F1xx_HAL_Driver/Src/stm32f1xx_hal_i2c.o
 .text.HAL_PCD_Init
                0x0000000008004fc4      0x1ec ./Drivers/STM32F1xx_HAL_Driver/Src/stm32f1xx_hal_pcd.o
                0x0000000008004fc4                HAL_PCD_Init
 .text.HAL_PCD_Start
                0x00000000080051b0       0x4c ./Drivers/STM32F1xx_HAL_Driver/Src/stm32f1xx_hal_pcd.o
                0x00000000080051b0                HAL_PCD_Start
 .text.HAL_PCD_IRQHandler
                0x00000000080051fc      0x260 ./Drivers/STM32F1xx_HAL_Driver/Src/stm32f1xx_hal_pcd.o
                0x00000000080051fc                HAL_PCD_IRQHandler
 .text.HAL_PCD_SetAddress
                0x000000000800545c       0x48 ./Drivers/STM32F1xx_HAL_Driver/Src/stm32f1xx_hal_pcd.o
                0x000000000800545c                HAL_PCD_SetAddress
 .text.HAL_PCD_EP_Open
                0x00000000080054a4       0xba ./Drivers/STM32F1xx_HAL_Driver/Src/stm32f1xx_hal_pcd.o
                0x00000000080054a4                HAL_PCD_EP_Open
 .text.HAL_PCD_EP_Close
                0x000000000800555e       0x90 ./Drivers/STM32F1xx_HAL_Driver/Src/stm32f1xx_hal_pcd.o
                0x000000000800555e                HAL_PCD_EP_Close
 .text.HAL_PCD_EP_Receive
                0x00000000080055ee       0x62 ./Drivers/STM32F1xx_HAL_Driver/Src/stm32f1xx_hal_pcd.o
                0x00000000080055ee                HAL_PCD_EP_Receive
 .text.HAL_PCD_EP_GetRxCount
                0x0000000008005650       0x2e ./Drivers/STM32F1xx_HAL_Driver/Src/stm32f1xx_hal_pcd.o
                0x0000000008005650                HAL_PCD_EP_GetRxCount
 .text.HAL_PCD_EP_Transmit
                0x000000000800567e       0x6e ./Drivers/STM32F1xx_HAL_Driver/Src/stm32f1xx_hal_pcd.o
                0x000000000800567e                HAL_PCD_EP_Transmit
 .text.HAL_PCD_EP_SetStall
                0x00000000080056ec       0xc0 ./Drivers/STM32F1xx_HAL_Driver/Src/stm32f1xx_hal_pcd.o
                0x00000000080056ec                HAL_PCD_EP_SetStall
 .text.HAL_PCD_EP_ClrStall
                0x00000000080057ac       0xa8 ./Drivers/STM32F1xx_HAL_Driver/Src/stm32f1xx_hal_pcd.o
                0x00000000080057ac                HAL_PCD_EP_ClrStall
 .text.PCD_EP_ISR_Handler
                0x0000000008005854      0x7a0 ./Drivers/STM32F1xx_HAL_Driver/Src/stm32f1xx_hal_pcd.o
 .text.HAL_PCD_EP_DB_Receive
                0x0000000008005ff4      0x21a ./Drivers/STM32F1xx_HAL_Driver/Src/stm32f1xx_hal_pcd.o
 .text.HAL_PCD_EP_DB_Transmit
                0x000000000800620e      0x7f4 ./Drivers/STM32F1xx_HAL_Driver/Src/stm32f1xx_hal_pcd.o
 .text.HAL_PCDEx_PMAConfig
                0x0000000008006a02       0x84 ./Drivers/STM32F1xx_HAL_Driver/Src/stm32f1xx_hal_pcd_ex.o
                0x0000000008006a02                HAL_PCDEx_PMAConfig
 *fill*         0x0000000008006a86        0x2 
 .text.HAL_RCC_OscConfig
                0x0000000008006a88      0x504 ./Drivers/STM32F1xx_HAL_Driver/Src/stm32f1xx_hal_rcc.o
                0x0000000008006a88                HAL_RCC_OscConfig
 .text.HAL_RCC_ClockConfig
                0x0000000008006f8c      0x1d4 ./Drivers/STM32F1xx_HAL_Driver/Src/stm32f1xx_hal_rcc.o
                0x0000000008006f8c                HAL_RCC_ClockConfig
 .text.HAL_RCC_GetSysClockFreq
                0x0000000008007160       0xac ./Drivers/STM32F1xx_HAL_Driver/Src/stm32f1xx_hal_rcc.o
                0x0000000008007160                HAL_RCC_GetSysClockFreq
 .text.HAL_RCC_GetHCLKFreq
                0x000000000800720c       0x14 ./Drivers/STM32F1xx_HAL_Driver/Src/stm32f1xx_hal_rcc.o
                0x000000000800720c                HAL_RCC_GetHCLKFreq
 .text.HAL_RCC_GetPCLK1Freq
                0x0000000008007220       0x28 ./Drivers/STM32F1xx_HAL_Driver/Src/stm32f1xx_hal_rcc.o
                0x0000000008007220                HAL_RCC_GetPCLK1Freq
 .text.HAL_RCC_GetPCLK2Freq
                0x0000000008007248       0x28 ./Drivers/STM32F1xx_HAL_Driver/Src/stm32f1xx_hal_rcc.o
                0x0000000008007248                HAL_RCC_GetPCLK2Freq
 .text.RCC_Delay
                0x0000000008007270       0x3c ./Drivers/STM32F1xx_HAL_Driver/Src/stm32f1xx_hal_rcc.o
 .text.HAL_RCCEx_PeriphCLKConfig
                0x00000000080072ac      0x16c ./Drivers/STM32F1xx_HAL_Driver/Src/stm32f1xx_hal_rcc_ex.o
                0x00000000080072ac                HAL_RCCEx_PeriphCLKConfig
 .text.HAL_RCCEx_GetPeriphCLKFreq
                0x0000000008007418      0x16c ./Drivers/STM32F1xx_HAL_Driver/Src/stm32f1xx_hal_rcc_ex.o
                0x0000000008007418                HAL_RCCEx_GetPeriphCLKFreq
 .text.HAL_SPI_Init
                0x0000000008007584      0x108 ./Drivers/STM32F1xx_HAL_Driver/Src/stm32f1xx_hal_spi.o
                0x0000000008007584                HAL_SPI_Init
 .text.HAL_SPI_Transmit
                0x000000000800768c      0x288 ./Drivers/STM32F1xx_HAL_Driver/Src/stm32f1xx_hal_spi.o
                0x000000000800768c                HAL_SPI_Transmit
 .text.HAL_SPI_Receive
                0x0000000008007914      0x232 ./Drivers/STM32F1xx_HAL_Driver/Src/stm32f1xx_hal_spi.o
                0x0000000008007914                HAL_SPI_Receive
 .text.HAL_SPI_TransmitReceive
                0x0000000008007b46      0x352 ./Drivers/STM32F1xx_HAL_Driver/Src/stm32f1xx_hal_spi.o
                0x0000000008007b46                HAL_SPI_TransmitReceive
 .text.HAL_SPI_Transmit_DMA
                0x0000000008007e98      0x164 ./Drivers/STM32F1xx_HAL_Driver/Src/stm32f1xx_hal_spi.o
                0x0000000008007e98                HAL_SPI_Transmit_DMA
 .text.HAL_SPI_TxCpltCallback
                0x0000000008007ffc       0x12 ./Drivers/STM32F1xx_HAL_Driver/Src/stm32f1xx_hal_spi.o
                0x0000000008007ffc                HAL_SPI_TxCpltCallback
 .text.HAL_SPI_TxHalfCpltCallback
                0x000000000800800e       0x12 ./Drivers/STM32F1xx_HAL_Driver/Src/stm32f1xx_hal_spi.o
                0x000000000800800e                HAL_SPI_TxHalfCpltCallback
 .text.HAL_SPI_ErrorCallback
                0x0000000008008020       0x12 ./Drivers/STM32F1xx_HAL_Driver/Src/stm32f1xx_hal_spi.o
                0x0000000008008020                HAL_SPI_ErrorCallback
 .text.HAL_SPI_GetState
                0x0000000008008032       0x1a ./Drivers/STM32F1xx_HAL_Driver/Src/stm32f1xx_hal_spi.o
                0x0000000008008032                HAL_SPI_GetState
 .text.SPI_DMATransmitCplt
                0x000000000800804c       0xa6 ./Drivers/STM32F1xx_HAL_Driver/Src/stm32f1xx_hal_spi.o
 .text.SPI_DMAHalfTransmitCplt
                0x00000000080080f2       0x1c ./Drivers/STM32F1xx_HAL_Driver/Src/stm32f1xx_hal_spi.o
 .text.SPI_DMAError
                0x000000000800810e       0x40 ./Drivers/STM32F1xx_HAL_Driver/Src/stm32f1xx_hal_spi.o
 *fill*         0x000000000800814e        0x2 
 .text.SPI_WaitFlagStateUntilTimeout
                0x0000000008008150      0x110 ./Drivers/STM32F1xx_HAL_Driver/Src/stm32f1xx_hal_spi.o
 .text.SPI_EndRxTransaction
                0x0000000008008260       0xa4 ./Drivers/STM32F1xx_HAL_Driver/Src/stm32f1xx_hal_spi.o
 .text.SPI_EndRxTxTransaction
                0x0000000008008304       0x62 ./Drivers/STM32F1xx_HAL_Driver/Src/stm32f1xx_hal_spi.o
 .text.USB_CoreInit
                0x0000000008008366       0x1a ./Drivers/STM32F1xx_HAL_Driver/Src/stm32f1xx_ll_usb.o
                0x0000000008008366                USB_CoreInit
 .text.USB_EnableGlobalInt
                0x0000000008008380       0x2c ./Drivers/STM32F1xx_HAL_Driver/Src/stm32f1xx_ll_usb.o
                0x0000000008008380                USB_EnableGlobalInt
 .text.USB_DisableGlobalInt
                0x00000000080083ac       0x34 ./Drivers/STM32F1xx_HAL_Driver/Src/stm32f1xx_ll_usb.o
                0x00000000080083ac                USB_DisableGlobalInt
 .text.USB_SetCurrentMode
                0x00000000080083e0       0x18 ./Drivers/STM32F1xx_HAL_Driver/Src/stm32f1xx_ll_usb.o
                0x00000000080083e0                USB_SetCurrentMode
 .text.USB_DevInit
                0x00000000080083f8       0x3a ./Drivers/STM32F1xx_HAL_Driver/Src/stm32f1xx_ll_usb.o
                0x00000000080083f8                USB_DevInit
 *fill*         0x0000000008008432        0x2 
 .text.USB_ActivateEndpoint
                0x0000000008008434      0x780 ./Drivers/STM32F1xx_HAL_Driver/Src/stm32f1xx_ll_usb.o
                0x0000000008008434                USB_ActivateEndpoint
 .text.USB_DeactivateEndpoint
                0x0000000008008bb4      0x3d8 ./Drivers/STM32F1xx_HAL_Driver/Src/stm32f1xx_ll_usb.o
                0x0000000008008bb4                USB_DeactivateEndpoint
 .text.USB_EPStartXfer
                0x0000000008008f8c     0x1762 ./Drivers/STM32F1xx_HAL_Driver/Src/stm32f1xx_ll_usb.o
                0x0000000008008f8c                USB_EPStartXfer
 .text.USB_EPSetStall
                0x000000000800a6ee       0xa0 ./Drivers/STM32F1xx_HAL_Driver/Src/stm32f1xx_ll_usb.o
                0x000000000800a6ee                USB_EPSetStall
 .text.USB_EPClearStall
                0x000000000800a78e      0x15a ./Drivers/STM32F1xx_HAL_Driver/Src/stm32f1xx_ll_usb.o
                0x000000000800a78e                USB_EPClearStall
 .text.USB_SetDevAddress
                0x000000000800a8e8       0x26 ./Drivers/STM32F1xx_HAL_Driver/Src/stm32f1xx_ll_usb.o
                0x000000000800a8e8                USB_SetDevAddress
 .text.USB_DevConnect
                0x000000000800a90e       0x14 ./Drivers/STM32F1xx_HAL_Driver/Src/stm32f1xx_ll_usb.o
                0x000000000800a90e                USB_DevConnect
 .text.USB_DevDisconnect
                0x000000000800a922       0x14 ./Drivers/STM32F1xx_HAL_Driver/Src/stm32f1xx_ll_usb.o
                0x000000000800a922                USB_DevDisconnect
 .text.USB_ReadInterrupts
                0x000000000800a936       0x1e ./Drivers/STM32F1xx_HAL_Driver/Src/stm32f1xx_ll_usb.o
                0x000000000800a936                USB_ReadInterrupts
 .text.USB_EP0_OutStart
                0x000000000800a954       0x16 ./Drivers/STM32F1xx_HAL_Driver/Src/stm32f1xx_ll_usb.o
                0x000000000800a954                USB_EP0_OutStart
 .text.USB_WritePMA
                0x000000000800a96a       0x8a ./Drivers/STM32F1xx_HAL_Driver/Src/stm32f1xx_ll_usb.o
                0x000000000800a96a                USB_WritePMA
 .text.USB_ReadPMA
                0x000000000800a9f4       0x9e ./Drivers/STM32F1xx_HAL_Driver/Src/stm32f1xx_ll_usb.o
                0x000000000800a9f4                USB_ReadPMA
 .text.USBD_CDC_Init
                0x000000000800aa92       0xf4 ./Middlewares/ST/STM32_USB_Device_Library/Class/CDC/Src/usbd_cdc.o
 .text.USBD_CDC_DeInit
                0x000000000800ab86       0x6e ./Middlewares/ST/STM32_USB_Device_Library/Class/CDC/Src/usbd_cdc.o
 .text.USBD_CDC_Setup
                0x000000000800abf4      0x146 ./Middlewares/ST/STM32_USB_Device_Library/Class/CDC/Src/usbd_cdc.o
 .text.USBD_CDC_DataIn
                0x000000000800ad3a       0xa6 ./Middlewares/ST/STM32_USB_Device_Library/Class/CDC/Src/usbd_cdc.o
 .text.USBD_CDC_DataOut
                0x000000000800ade0       0x56 ./Middlewares/ST/STM32_USB_Device_Library/Class/CDC/Src/usbd_cdc.o
 .text.USBD_CDC_EP0_RxReady
                0x000000000800ae36       0x50 ./Middlewares/ST/STM32_USB_Device_Library/Class/CDC/Src/usbd_cdc.o
 *fill*         0x000000000800ae86        0x2 
 .text.USBD_CDC_GetFSCfgDesc
                0x000000000800ae88       0x20 ./Middlewares/ST/STM32_USB_Device_Library/Class/CDC/Src/usbd_cdc.o
 .text.USBD_CDC_GetHSCfgDesc
                0x000000000800aea8       0x20 ./Middlewares/ST/STM32_USB_Device_Library/Class/CDC/Src/usbd_cdc.o
 .text.USBD_CDC_GetOtherSpeedCfgDesc
                0x000000000800aec8       0x20 ./Middlewares/ST/STM32_USB_Device_Library/Class/CDC/Src/usbd_cdc.o
 .text.USBD_CDC_GetDeviceQualifierDescriptor
                0x000000000800aee8       0x20 ./Middlewares/ST/STM32_USB_Device_Library/Class/CDC/Src/usbd_cdc.o
                0x000000000800aee8                USBD_CDC_GetDeviceQualifierDescriptor
 .text.USBD_CDC_RegisterInterface
                0x000000000800af08       0x2c ./Middlewares/ST/STM32_USB_Device_Library/Class/CDC/Src/usbd_cdc.o
                0x000000000800af08                USBD_CDC_RegisterInterface
 .text.USBD_CDC_SetTxBuffer
                0x000000000800af34       0x32 ./Middlewares/ST/STM32_USB_Device_Library/Class/CDC/Src/usbd_cdc.o
                0x000000000800af34                USBD_CDC_SetTxBuffer
 .text.USBD_CDC_SetRxBuffer
                0x000000000800af66       0x26 ./Middlewares/ST/STM32_USB_Device_Library/Class/CDC/Src/usbd_cdc.o
                0x000000000800af66                USBD_CDC_SetRxBuffer
 .text.USBD_CDC_TransmitPacket
                0x000000000800af8c       0x5e ./Middlewares/ST/STM32_USB_Device_Library/Class/CDC/Src/usbd_cdc.o
                0x000000000800af8c                USBD_CDC_TransmitPacket
 .text.USBD_CDC_ReceivePacket
                0x000000000800afea       0x54 ./Middlewares/ST/STM32_USB_Device_Library/Class/CDC/Src/usbd_cdc.o
                0x000000000800afea                USBD_CDC_ReceivePacket
 .text.USBD_Init
                0x000000000800b03e       0x56 ./Middlewares/ST/STM32_USB_Device_Library/Core/Src/usbd_core.o
                0x000000000800b03e                USBD_Init
 .text.USBD_RegisterClass
                0x000000000800b094       0x32 ./Middlewares/ST/STM32_USB_Device_Library/Core/Src/usbd_core.o
                0x000000000800b094                USBD_RegisterClass
 .text.USBD_Start
                0x000000000800b0c6       0x18 ./Middlewares/ST/STM32_USB_Device_Library/Core/Src/usbd_core.o
                0x000000000800b0c6                USBD_Start
 .text.USBD_RunTestMode
                0x000000000800b0de       0x14 ./Middlewares/ST/STM32_USB_Device_Library/Core/Src/usbd_core.o
                0x000000000800b0de                USBD_RunTestMode
 .text.USBD_SetClassConfig
                0x000000000800b0f2       0x3e ./Middlewares/ST/STM32_USB_Device_Library/Core/Src/usbd_core.o
                0x000000000800b0f2                USBD_SetClassConfig
 .text.USBD_ClrClassConfig
                0x000000000800b130       0x26 ./Middlewares/ST/STM32_USB_Device_Library/Core/Src/usbd_core.o
                0x000000000800b130                USBD_ClrClassConfig
 .text.USBD_LL_SetupStage
                0x000000000800b156       0x9a ./Middlewares/ST/STM32_USB_Device_Library/Core/Src/usbd_core.o
                0x000000000800b156                USBD_LL_SetupStage
 .text.USBD_LL_DataOutStage
                0x000000000800b1f0       0xe2 ./Middlewares/ST/STM32_USB_Device_Library/Core/Src/usbd_core.o
                0x000000000800b1f0                USBD_LL_DataOutStage
 .text.USBD_LL_DataInStage
                0x000000000800b2d2      0x14a ./Middlewares/ST/STM32_USB_Device_Library/Core/Src/usbd_core.o
                0x000000000800b2d2                USBD_LL_DataInStage
 .text.USBD_LL_Reset
                0x000000000800b41c       0x82 ./Middlewares/ST/STM32_USB_Device_Library/Core/Src/usbd_core.o
                0x000000000800b41c                USBD_LL_Reset
 .text.USBD_LL_SetSpeed
                0x000000000800b49e       0x1e ./Middlewares/ST/STM32_USB_Device_Library/Core/Src/usbd_core.o
                0x000000000800b49e                USBD_LL_SetSpeed
 .text.USBD_LL_Suspend
                0x000000000800b4bc       0x28 ./Middlewares/ST/STM32_USB_Device_Library/Core/Src/usbd_core.o
                0x000000000800b4bc                USBD_LL_Suspend
 .text.USBD_LL_Resume
                0x000000000800b4e4       0x2a ./Middlewares/ST/STM32_USB_Device_Library/Core/Src/usbd_core.o
                0x000000000800b4e4                USBD_LL_Resume
 .text.USBD_LL_SOF
                0x000000000800b50e       0x34 ./Middlewares/ST/STM32_USB_Device_Library/Core/Src/usbd_core.o
                0x000000000800b50e                USBD_LL_SOF
 *fill*         0x000000000800b542        0x2 
 .text.USBD_StdDevReq
                0x000000000800b544       0xd4 ./Middlewares/ST/STM32_USB_Device_Library/Core/Src/usbd_ctlreq.o
                0x000000000800b544                USBD_StdDevReq
 .text.USBD_StdItfReq
                0x000000000800b618       0x90 ./Middlewares/ST/STM32_USB_Device_Library/Core/Src/usbd_ctlreq.o
                0x000000000800b618                USBD_StdItfReq
 .text.USBD_StdEPReq
                0x000000000800b6a8      0x2c6 ./Middlewares/ST/STM32_USB_Device_Library/Core/Src/usbd_ctlreq.o
                0x000000000800b6a8                USBD_StdEPReq
 *fill*         0x000000000800b96e        0x2 
 .text.USBD_GetDescriptor
                0x000000000800b970      0x2d0 ./Middlewares/ST/STM32_USB_Device_Library/Core/Src/usbd_ctlreq.o
 .text.USBD_SetAddress
                0x000000000800bc40       0x86 ./Middlewares/ST/STM32_USB_Device_Library/Core/Src/usbd_ctlreq.o
 *fill*         0x000000000800bcc6        0x2 
 .text.USBD_SetConfig
                0x000000000800bcc8      0x11c ./Middlewares/ST/STM32_USB_Device_Library/Core/Src/usbd_ctlreq.o
 .text.USBD_GetConfig
                0x000000000800bde4       0x6a ./Middlewares/ST/STM32_USB_Device_Library/Core/Src/usbd_ctlreq.o
 .text.USBD_GetStatus
                0x000000000800be4e       0x66 ./Middlewares/ST/STM32_USB_Device_Library/Core/Src/usbd_ctlreq.o
 .text.USBD_SetFeature
                0x000000000800beb4       0x28 ./Middlewares/ST/STM32_USB_Device_Library/Core/Src/usbd_ctlreq.o
 .text.USBD_ClrFeature
                0x000000000800bedc       0x42 ./Middlewares/ST/STM32_USB_Device_Library/Core/Src/usbd_ctlreq.o
 .text.USBD_ParseSetupRequest
                0x000000000800bf1e       0x78 ./Middlewares/ST/STM32_USB_Device_Library/Core/Src/usbd_ctlreq.o
                0x000000000800bf1e                USBD_ParseSetupRequest
 .text.USBD_CtlError
                0x000000000800bf96       0x22 ./Middlewares/ST/STM32_USB_Device_Library/Core/Src/usbd_ctlreq.o
                0x000000000800bf96                USBD_CtlError
 .text.USBD_GetString
                0x000000000800bfb8       0x84 ./Middlewares/ST/STM32_USB_Device_Library/Core/Src/usbd_ctlreq.o
                0x000000000800bfb8                USBD_GetString
 .text.USBD_GetLen
                0x000000000800c03c       0x2e ./Middlewares/ST/STM32_USB_Device_Library/Core/Src/usbd_ctlreq.o
 .text.USBD_CtlSendData
                0x000000000800c06a       0x38 ./Middlewares/ST/STM32_USB_Device_Library/Core/Src/usbd_ioreq.o
                0x000000000800c06a                USBD_CtlSendData
 .text.USBD_CtlContinueSendData
                0x000000000800c0a2       0x24 ./Middlewares/ST/STM32_USB_Device_Library/Core/Src/usbd_ioreq.o
                0x000000000800c0a2                USBD_CtlContinueSendData
 .text.USBD_CtlPrepareRx
                0x000000000800c0c6       0x3c ./Middlewares/ST/STM32_USB_Device_Library/Core/Src/usbd_ioreq.o
                0x000000000800c0c6                USBD_CtlPrepareRx
 .text.USBD_CtlContinueRx
                0x000000000800c102       0x24 ./Middlewares/ST/STM32_USB_Device_Library/Core/Src/usbd_ioreq.o
                0x000000000800c102                USBD_CtlContinueRx
 .text.USBD_CtlSendStatus
                0x000000000800c126       0x26 ./Middlewares/ST/STM32_USB_Device_Library/Core/Src/usbd_ioreq.o
                0x000000000800c126                USBD_CtlSendStatus
 .text.USBD_CtlReceiveStatus
                0x000000000800c14c       0x26 ./Middlewares/ST/STM32_USB_Device_Library/Core/Src/usbd_ioreq.o
                0x000000000800c14c                USBD_CtlReceiveStatus
 *fill*         0x000000000800c172        0x2 
 .text.MX_USB_DEVICE_Init
                0x000000000800c174       0x60 ./USB_DEVICE/App/usb_device.o
                0x000000000800c174                MX_USB_DEVICE_Init
 .text.CDC_Init_FS
                0x000000000800c1d4       0x28 ./USB_DEVICE/App/usbd_cdc_if.o
 .text.CDC_DeInit_FS
                0x000000000800c1fc        0xe ./USB_DEVICE/App/usbd_cdc_if.o
 *fill*         0x000000000800c20a        0x2 
 .text.CDC_Control_FS
                0x000000000800c20c       0xbc ./USB_DEVICE/App/usbd_cdc_if.o
 .text.CDC_Receive_FS
                0x000000000800c2c8       0x34 ./USB_DEVICE/App/usbd_cdc_if.o
 .text.CDC_Transmit_FS
                0x000000000800c2fc       0x4c ./USB_DEVICE/App/usbd_cdc_if.o
                0x000000000800c2fc                CDC_Transmit_FS
 .text.USBD_FS_DeviceDescriptor
                0x000000000800c348       0x24 ./USB_DEVICE/App/usbd_desc.o
                0x000000000800c348                USBD_FS_DeviceDescriptor
 .text.USBD_FS_LangIDStrDescriptor
                0x000000000800c36c       0x24 ./USB_DEVICE/App/usbd_desc.o
                0x000000000800c36c                USBD_FS_LangIDStrDescriptor
 .text.USBD_FS_ProductStrDescriptor
                0x000000000800c390       0x3c ./USB_DEVICE/App/usbd_desc.o
                0x000000000800c390                USBD_FS_ProductStrDescriptor
 .text.USBD_FS_ManufacturerStrDescriptor
                0x000000000800c3cc       0x28 ./USB_DEVICE/App/usbd_desc.o
                0x000000000800c3cc                USBD_FS_ManufacturerStrDescriptor
 .text.USBD_FS_SerialStrDescriptor
                0x000000000800c3f4       0x24 ./USB_DEVICE/App/usbd_desc.o
                0x000000000800c3f4                USBD_FS_SerialStrDescriptor
 .text.USBD_FS_ConfigStrDescriptor
                0x000000000800c418       0x3c ./USB_DEVICE/App/usbd_desc.o
                0x000000000800c418                USBD_FS_ConfigStrDescriptor
 .text.USBD_FS_InterfaceStrDescriptor
                0x000000000800c454       0x3c ./USB_DEVICE/App/usbd_desc.o
                0x000000000800c454                USBD_FS_InterfaceStrDescriptor
 .text.Get_SerialNum
                0x000000000800c490       0x58 ./USB_DEVICE/App/usbd_desc.o
 .text.IntToUnicode
                0x000000000800c4e8       0x7c ./USB_DEVICE/App/usbd_desc.o
 .text.HAL_PCD_MspInit
                0x000000000800c564       0x4c ./USB_DEVICE/Target/usbd_conf.o
                0x000000000800c564                HAL_PCD_MspInit
 .text.HAL_PCD_SetupStageCallback
                0x000000000800c5b0       0x24 ./USB_DEVICE/Target/usbd_conf.o
                0x000000000800c5b0                HAL_PCD_SetupStageCallback
 .text.HAL_PCD_DataOutStageCallback
                0x000000000800c5d4       0x36 ./USB_DEVICE/Target/usbd_conf.o
                0x000000000800c5d4                HAL_PCD_DataOutStageCallback
 .text.HAL_PCD_DataInStageCallback
                0x000000000800c60a       0x34 ./USB_DEVICE/Target/usbd_conf.o
                0x000000000800c60a                HAL_PCD_DataInStageCallback
 .text.HAL_PCD_SOFCallback
                0x000000000800c63e       0x1c ./USB_DEVICE/Target/usbd_conf.o
                0x000000000800c63e                HAL_PCD_SOFCallback
 .text.HAL_PCD_ResetCallback
                0x000000000800c65a       0x3c ./USB_DEVICE/Target/usbd_conf.o
                0x000000000800c65a                HAL_PCD_ResetCallback
 *fill*         0x000000000800c696        0x2 
 .text.HAL_PCD_SuspendCallback
                0x000000000800c698       0x34 ./USB_DEVICE/Target/usbd_conf.o
                0x000000000800c698                HAL_PCD_SuspendCallback
 .text.HAL_PCD_ResumeCallback
                0x000000000800c6cc       0x1c ./USB_DEVICE/Target/usbd_conf.o
                0x000000000800c6cc                HAL_PCD_ResumeCallback
 .text.USBD_LL_Init
                0x000000000800c6e8       0xb4 ./USB_DEVICE/Target/usbd_conf.o
                0x000000000800c6e8                USBD_LL_Init
 .text.USBD_LL_Start
                0x000000000800c79c       0x36 ./USB_DEVICE/Target/usbd_conf.o
                0x000000000800c79c                USBD_LL_Start
 .text.USBD_LL_OpenEP
                0x000000000800c7d2       0x4c ./USB_DEVICE/Target/usbd_conf.o
                0x000000000800c7d2                USBD_LL_OpenEP
 .text.USBD_LL_CloseEP
                0x000000000800c81e       0x3e ./USB_DEVICE/Target/usbd_conf.o
                0x000000000800c81e                USBD_LL_CloseEP
 .text.USBD_LL_StallEP
                0x000000000800c85c       0x3e ./USB_DEVICE/Target/usbd_conf.o
                0x000000000800c85c                USBD_LL_StallEP
 .text.USBD_LL_ClearStallEP
                0x000000000800c89a       0x3e ./USB_DEVICE/Target/usbd_conf.o
                0x000000000800c89a                USBD_LL_ClearStallEP
 .text.USBD_LL_IsStallEP
                0x000000000800c8d8       0x56 ./USB_DEVICE/Target/usbd_conf.o
                0x000000000800c8d8                USBD_LL_IsStallEP
 .text.USBD_LL_SetUSBAddress
                0x000000000800c92e       0x3e ./USB_DEVICE/Target/usbd_conf.o
                0x000000000800c92e                USBD_LL_SetUSBAddress
 .text.USBD_LL_Transmit
                0x000000000800c96c       0x46 ./USB_DEVICE/Target/usbd_conf.o
                0x000000000800c96c                USBD_LL_Transmit
 .text.USBD_LL_PrepareReceive
                0x000000000800c9b2       0x46 ./USB_DEVICE/Target/usbd_conf.o
                0x000000000800c9b2                USBD_LL_PrepareReceive
 .text.USBD_LL_GetRxDataSize
                0x000000000800c9f8       0x26 ./USB_DEVICE/Target/usbd_conf.o
                0x000000000800c9f8                USBD_LL_GetRxDataSize
 *fill*         0x000000000800ca1e        0x2 
 .text.USBD_static_malloc
                0x000000000800ca20       0x18 ./USB_DEVICE/Target/usbd_conf.o
                0x000000000800ca20                USBD_static_malloc
 .text.USBD_static_free
                0x000000000800ca38       0x12 ./USB_DEVICE/Target/usbd_conf.o
                0x000000000800ca38                USBD_static_free
 .text.HAL_PCDEx_SetConnectionState
                0x000000000800ca4a       0x16 ./USB_DEVICE/Target/usbd_conf.o
                0x000000000800ca4a                HAL_PCDEx_SetConnectionState
 .text.USBD_Get_USB_Status
                0x000000000800ca60       0x58 ./USB_DEVICE/Target/usbd_conf.o
 .text.snprintf
                0x000000000800cab8       0x68 C:/ST/STM32CubeIDE_1.14.0/STM32CubeIDE/plugins/com.st.stm32cube.ide.mcu.externaltools.gnu-tools-for-stm32.11.3.rel1.win32_1.1.100.202309141235/tools/bin/../lib/gcc/arm-none-eabi/11.3.1/../../../../arm-none-eabi/lib/thumb/v7-m/nofp\libc_nano.a(libc_a-snprintf.o)
                0x000000000800cab8                sniprintf
                0x000000000800cab8                snprintf
 .text.sscanf   0x000000000800cb20       0x54 C:/ST/STM32CubeIDE_1.14.0/STM32CubeIDE/plugins/com.st.stm32cube.ide.mcu.externaltools.gnu-tools-for-stm32.11.3.rel1.win32_1.1.100.202309141235/tools/bin/../lib/gcc/arm-none-eabi/11.3.1/../../../../arm-none-eabi/lib/thumb/v7-m/nofp\libc_nano.a(libc_a-sscanf.o)
                0x000000000800cb20                siscanf
                0x000000000800cb20                sscanf
 .text.__seofread
                0x000000000800cb74        0x4 C:/ST/STM32CubeIDE_1.14.0/STM32CubeIDE/plugins/com.st.stm32cube.ide.mcu.externaltools.gnu-tools-for-stm32.11.3.rel1.win32_1.1.100.202309141235/tools/bin/../lib/gcc/arm-none-eabi/11.3.1/../../../../arm-none-eabi/lib/thumb/v7-m/nofp\libc_nano.a(libc_a-stdio.o)
                0x000000000800cb74                __seofread
 .text.memset   0x000000000800cb78       0x10 C:/ST/STM32CubeIDE_1.14.0/STM32CubeIDE/plugins/com.st.stm32cube.ide.mcu.externaltools.gnu-tools-for-stm32.11.3.rel1.win32_1.1.100.202309141235/tools/bin/../lib/gcc/arm-none-eabi/11.3.1/../../../../arm-none-eabi/lib/thumb/v7-m/nofp\libc_nano.a(libc_a-memset.o)
                0x000000000800cb78                memset
 .text.strchr   0x000000000800cb88       0x1a C:/ST/STM32CubeIDE_1.14.0/STM32CubeIDE/plugins/com.st.stm32cube.ide.mcu.externaltools.gnu-tools-for-stm32.11.3.rel1.win32_1.1.100.202309141235/tools/bin/../lib/gcc/arm-none-eabi/11.3.1/../../../../arm-none-eabi/lib/thumb/v7-m/nofp\libc_nano.a(libc_a-strchr.o)
                0x000000000800cb88                strchr
 .text.strncmp  0x000000000800cba2       0x24 C:/ST/STM32CubeIDE_1.14.0/STM32CubeIDE/plugins/com.st.stm32cube.ide.mcu.externaltools.gnu-tools-for-stm32.11.3.rel1.win32_1.1.100.202309141235/tools/bin/../lib/gcc/arm-none-eabi/11.3.1/../../../../arm-none-eabi/lib/thumb/v7-m/nofp\libc_nano.a(libc_a-strncmp.o)
                0x000000000800cba2                strncmp
 .text.strncpy  0x000000000800cbc6       0x26 C:/ST/STM32CubeIDE_1.14.0/STM32CubeIDE/plugins/com.st.stm32cube.ide.mcu.externaltools.gnu-tools-for-stm32.11.3.rel1.win32_1.1.100.202309141235/tools/bin/../lib/gcc/arm-none-eabi/11.3.1/../../../../arm-none-eabi/lib/thumb/v7-m/nofp\libc_nano.a(libc_a-strncpy.o)
                0x000000000800cbc6                strncpy
 .text.__errno  0x000000000800cbec        0xc C:/ST/STM32CubeIDE_1.14.0/STM32CubeIDE/plugins/com.st.stm32cube.ide.mcu.externaltools.gnu-tools-for-stm32.11.3.rel1.win32_1.1.100.202309141235/tools/bin/../lib/gcc/arm-none-eabi/11.3.1/../../../../arm-none-eabi/lib/thumb/v7-m/nofp\libc_nano.a(libc_a-errno.o)
                0x000000000800cbec                __errno
 .text.__libc_init_array
                0x000000000800cbf8       0x48 C:/ST/STM32CubeIDE_1.14.0/STM32CubeIDE/plugins/com.st.stm32cube.ide.mcu.externaltools.gnu-tools-for-stm32.11.3.rel1.win32_1.1.100.202309141235/tools/bin/../lib/gcc/arm-none-eabi/11.3.1/../../../../arm-none-eabi/lib/thumb/v7-m/nofp\libc_nano.a(libc_a-init.o)
                0x000000000800cbf8                __libc_init_array
 .text.__retarget_lock_acquire_recursive
                0x000000000800cc40        0x2 C:/ST/STM32CubeIDE_1.14.0/STM32CubeIDE/plugins/com.st.stm32cube.ide.mcu.externaltools.gnu-tools-for-stm32.11.3.rel1.win32_1.1.100.202309141235/tools/bin/../lib/gcc/arm-none-eabi/11.3.1/../../../../arm-none-eabi/lib/thumb/v7-m/nofp\libc_nano.a(libc_a-lock.o)
                0x000000000800cc40                __retarget_lock_acquire_recursive
 .text.__retarget_lock_release_recursive
                0x000000000800cc42        0x2 C:/ST/STM32CubeIDE_1.14.0/STM32CubeIDE/plugins/com.st.stm32cube.ide.mcu.externaltools.gnu-tools-for-stm32.11.3.rel1.win32_1.1.100.202309141235/tools/bin/../lib/gcc/arm-none-eabi/11.3.1/../../../../arm-none-eabi/lib/thumb/v7-m/nofp\libc_nano.a(libc_a-lock.o)
                0x000000000800cc42                __retarget_lock_release_recursive
 .text.strcpy   0x000000000800cc44       0x10 C:/ST/STM32CubeIDE_1.14.0/STM32CubeIDE/plugins/com.st.stm32cube.ide.mcu.externaltools.gnu-tools-for-stm32.11.3.rel1.win32_1.1.100.202309141235/tools/bin/../lib/gcc/arm-none-eabi/11.3.1/../../../../arm-none-eabi/lib/thumb/v7-m/nofp\libc_nano.a(libc_a-strcpy.o)
                0x000000000800cc44                strcpy
 .text.memcpy   0x000000000800cc54       0x1c C:/ST/STM32CubeIDE_1.14.0/STM32CubeIDE/plugins/com.st.stm32cube.ide.mcu.externaltools.gnu-tools-for-stm32.11.3.rel1.win32_1.1.100.202309141235/tools/bin/../lib/gcc/arm-none-eabi/11.3.1/../../../../arm-none-eabi/lib/thumb/v7-m/nofp\libc_nano.a(libc_a-memcpy-stub.o)
                0x000000000800cc54                memcpy
 .text._free_r  0x000000000800cc70       0x90 C:/ST/STM32CubeIDE_1.14.0/STM32CubeIDE/plugins/com.st.stm32cube.ide.mcu.externaltools.gnu-tools-for-stm32.11.3.rel1.win32_1.1.100.202309141235/tools/bin/../lib/gcc/arm-none-eabi/11.3.1/../../../../arm-none-eabi/lib/thumb/v7-m/nofp\libc_nano.a(libc_a-freer.o)
                0x000000000800cc70                _free_r
 .text.sbrk_aligned
                0x000000000800cd00       0x40 C:/ST/STM32CubeIDE_1.14.0/STM32CubeIDE/plugins/com.st.stm32cube.ide.mcu.externaltools.gnu-tools-for-stm32.11.3.rel1.win32_1.1.100.202309141235/tools/bin/../lib/gcc/arm-none-eabi/11.3.1/../../../../arm-none-eabi/lib/thumb/v7-m/nofp\libc_nano.a(libc_a-mallocr.o)
 .text._malloc_r
                0x000000000800cd40      0x100 C:/ST/STM32CubeIDE_1.14.0/STM32CubeIDE/plugins/com.st.stm32cube.ide.mcu.externaltools.gnu-tools-for-stm32.11.3.rel1.win32_1.1.100.202309141235/tools/bin/../lib/gcc/arm-none-eabi/11.3.1/../../../../arm-none-eabi/lib/thumb/v7-m/nofp\libc_nano.a(libc_a-mallocr.o)
                0x000000000800cd40                _malloc_r
 .text.__malloc_lock
                0x000000000800ce40        0xc C:/ST/STM32CubeIDE_1.14.0/STM32CubeIDE/plugins/com.st.stm32cube.ide.mcu.externaltools.gnu-tools-for-stm32.11.3.rel1.win32_1.1.100.202309141235/tools/bin/../lib/gcc/arm-none-eabi/11.3.1/../../../../arm-none-eabi/lib/thumb/v7-m/nofp\libc_nano.a(libc_a-mlock.o)
                0x000000000800ce40                __malloc_lock
 .text.__malloc_unlock
                0x000000000800ce4c        0xc C:/ST/STM32CubeIDE_1.14.0/STM32CubeIDE/plugins/com.st.stm32cube.ide.mcu.externaltools.gnu-tools-for-stm32.11.3.rel1.win32_1.1.100.202309141235/tools/bin/../lib/gcc/arm-none-eabi/11.3.1/../../../../arm-none-eabi/lib/thumb/v7-m/nofp\libc_nano.a(libc_a-mlock.o)
                0x000000000800ce4c                __malloc_unlock
 .text.__ssputs_r
                0x000000000800ce58       0xb4 C:/ST/STM32CubeIDE_1.14.0/STM32CubeIDE/plugins/com.st.stm32cube.ide.mcu.externaltools.gnu-tools-for-stm32.11.3.rel1.win32_1.1.100.202309141235/tools/bin/../lib/gcc/arm-none-eabi/11.3.1/../../../../arm-none-eabi/lib/thumb/v7-m/nofp\libc_nano.a(libc_a-nano-svfprintf.o)
                0x000000000800ce58                __ssputs_r
 .text._svfprintf_r
                0x000000000800cf0c      0x1fc C:/ST/STM32CubeIDE_1.14.0/STM32CubeIDE/plugins/com.st.stm32cube.ide.mcu.externaltools.gnu-tools-for-stm32.11.3.rel1.win32_1.1.100.202309141235/tools/bin/../lib/gcc/arm-none-eabi/11.3.1/../../../../arm-none-eabi/lib/thumb/v7-m/nofp\libc_nano.a(libc_a-nano-svfprintf.o)
                0x000000000800cf0c                _svfiprintf_r
                0x000000000800cf0c                _svfprintf_r
 .text._sungetc_r
                0x000000000800d108       0x7a C:/ST/STM32CubeIDE_1.14.0/STM32CubeIDE/plugins/com.st.stm32cube.ide.mcu.externaltools.gnu-tools-for-stm32.11.3.rel1.win32_1.1.100.202309141235/tools/bin/../lib/gcc/arm-none-eabi/11.3.1/../../../../arm-none-eabi/lib/thumb/v7-m/nofp\libc_nano.a(libc_a-nano-svfscanf.o)
                0x000000000800d108                _sungetc_r
 .text.__ssrefill_r
                0x000000000800d182       0x3a C:/ST/STM32CubeIDE_1.14.0/STM32CubeIDE/plugins/com.st.stm32cube.ide.mcu.externaltools.gnu-tools-for-stm32.11.3.rel1.win32_1.1.100.202309141235/tools/bin/../lib/gcc/arm-none-eabi/11.3.1/../../../../arm-none-eabi/lib/thumb/v7-m/nofp\libc_nano.a(libc_a-nano-svfscanf.o)
                0x000000000800d182                __ssrefill_r
 .text.__ssvfscanf_r
                0x000000000800d1bc      0x2f0 C:/ST/STM32CubeIDE_1.14.0/STM32CubeIDE/plugins/com.st.stm32cube.ide.mcu.externaltools.gnu-tools-for-stm32.11.3.rel1.win32_1.1.100.202309141235/tools/bin/../lib/gcc/arm-none-eabi/11.3.1/../../../../arm-none-eabi/lib/thumb/v7-m/nofp\libc_nano.a(libc_a-nano-svfscanf.o)
                0x000000000800d1bc                __ssvfiscanf_r
                0x000000000800d1bc                __ssvfscanf_r
 .text._printf_common
                0x000000000800d4ac       0xe4 C:/ST/STM32CubeIDE_1.14.0/STM32CubeIDE/plugins/com.st.stm32cube.ide.mcu.externaltools.gnu-tools-for-stm32.11.3.rel1.win32_1.1.100.202309141235/tools/bin/../lib/gcc/arm-none-eabi/11.3.1/../../../../arm-none-eabi/lib/thumb/v7-m/nofp\libc_nano.a(libc_a-nano-vfprintf_i.o)
                0x000000000800d4ac                _printf_common
 .text._printf_i
                0x000000000800d590      0x244 C:/ST/STM32CubeIDE_1.14.0/STM32CubeIDE/plugins/com.st.stm32cube.ide.mcu.externaltools.gnu-tools-for-stm32.11.3.rel1.win32_1.1.100.202309141235/tools/bin/../lib/gcc/arm-none-eabi/11.3.1/../../../../arm-none-eabi/lib/thumb/v7-m/nofp\libc_nano.a(libc_a-nano-vfprintf_i.o)
                0x000000000800d590                _printf_i
 .text._scanf_chars
                0x000000000800d7d4       0xb4 C:/ST/STM32CubeIDE_1.14.0/STM32CubeIDE/plugins/com.st.stm32cube.ide.mcu.externaltools.gnu-tools-for-stm32.11.3.rel1.win32_1.1.100.202309141235/tools/bin/../lib/gcc/arm-none-eabi/11.3.1/../../../../arm-none-eabi/lib/thumb/v7-m/nofp\libc_nano.a(libc_a-nano-vfscanf_i.o)
                0x000000000800d7d4                _scanf_chars
 .text._scanf_i
                0x000000000800d888      0x1e4 C:/ST/STM32CubeIDE_1.14.0/STM32CubeIDE/plugins/com.st.stm32cube.ide.mcu.externaltools.gnu-tools-for-stm32.11.3.rel1.win32_1.1.100.202309141235/tools/bin/../lib/gcc/arm-none-eabi/11.3.1/../../../../arm-none-eabi/lib/thumb/v7-m/nofp\libc_nano.a(libc_a-nano-vfscanf_i.o)
                0x000000000800d888                _scanf_i
 .text.__sccl   0x000000000800da6c       0x72 C:/ST/STM32CubeIDE_1.14.0/STM32CubeIDE/plugins/com.st.stm32cube.ide.mcu.externaltools.gnu-tools-for-stm32.11.3.rel1.win32_1.1.100.202309141235/tools/bin/../lib/gcc/arm-none-eabi/11.3.1/../../../../arm-none-eabi/lib/thumb/v7-m/nofp\libc_nano.a(libc_a-sccl.o)
                0x000000000800da6c                __sccl
 .text.__submore
                0x000000000800dade       0x70 C:/ST/STM32CubeIDE_1.14.0/STM32CubeIDE/plugins/com.st.stm32cube.ide.mcu.externaltools.gnu-tools-for-stm32.11.3.rel1.win32_1.1.100.202309141235/tools/bin/../lib/gcc/arm-none-eabi/11.3.1/../../../../arm-none-eabi/lib/thumb/v7-m/nofp\libc_nano.a(libc_a-ungetc.o)
                0x000000000800dade                __submore
 .text.memmove  0x000000000800db4e       0x34 C:/ST/STM32CubeIDE_1.14.0/STM32CubeIDE/plugins/com.st.stm32cube.ide.mcu.externaltools.gnu-tools-for-stm32.11.3.rel1.win32_1.1.100.202309141235/tools/bin/../lib/gcc/arm-none-eabi/11.3.1/../../../../arm-none-eabi/lib/thumb/v7-m/nofp\libc_nano.a(libc_a-memmove.o)
                0x000000000800db4e                memmove
 *fill*         0x000000000800db82        0x2 
 .text._sbrk_r  0x000000000800db84       0x20 C:/ST/STM32CubeIDE_1.14.0/STM32CubeIDE/plugins/com.st.stm32cube.ide.mcu.externaltools.gnu-tools-for-stm32.11.3.rel1.win32_1.1.100.202309141235/tools/bin/../lib/gcc/arm-none-eabi/11.3.1/../../../../arm-none-eabi/lib/thumb/v7-m/nofp\libc_nano.a(libc_a-sbrkr.o)
                0x000000000800db84                _sbrk_r
 .text.memchr   0x000000000800dba4       0x1c C:/ST/STM32CubeIDE_1.14.0/STM32CubeIDE/plugins/com.st.stm32cube.ide.mcu.externaltools.gnu-tools-for-stm32.11.3.rel1.win32_1.1.100.202309141235/tools/bin/../lib/gcc/arm-none-eabi/11.3.1/../../../../arm-none-eabi/lib/thumb/v7-m/nofp\libc_nano.a(libc_a-memchr-stub.o)
                0x000000000800dba4                memchr
 .text._realloc_r
                0x000000000800dbc0       0x5e C:/ST/STM32CubeIDE_1.14.0/STM32CubeIDE/plugins/com.st.stm32cube.ide.mcu.externaltools.gnu-tools-for-stm32.11.3.rel1.win32_1.1.100.202309141235/tools/bin/../lib/gcc/arm-none-eabi/11.3.1/../../../../arm-none-eabi/lib/thumb/v7-m/nofp\libc_nano.a(libc_a-reallocr.o)
                0x000000000800dbc0                _realloc_r
 *fill*         0x000000000800dc1e        0x2 
 .text._strtol_l.constprop.0
                0x000000000800dc20       0xfc C:/ST/STM32CubeIDE_1.14.0/STM32CubeIDE/plugins/com.st.stm32cube.ide.mcu.externaltools.gnu-tools-for-stm32.11.3.rel1.win32_1.1.100.202309141235/tools/bin/../lib/gcc/arm-none-eabi/11.3.1/../../../../arm-none-eabi/lib/thumb/v7-m/nofp\libc_nano.a(libc_a-strtol.o)
 .text._strtol_r
                0x000000000800dd1c        0x4 C:/ST/STM32CubeIDE_1.14.0/STM32CubeIDE/plugins/com.st.stm32cube.ide.mcu.externaltools.gnu-tools-for-stm32.11.3.rel1.win32_1.1.100.202309141235/tools/bin/../lib/gcc/arm-none-eabi/11.3.1/../../../../arm-none-eabi/lib/thumb/v7-m/nofp\libc_nano.a(libc_a-strtol.o)
                0x000000000800dd1c                _strtol_r
 .text._strtoul_l.constprop.0
                0x000000000800dd20       0xe4 C:/ST/STM32CubeIDE_1.14.0/STM32CubeIDE/plugins/com.st.stm32cube.ide.mcu.externaltools.gnu-tools-for-stm32.11.3.rel1.win32_1.1.100.202309141235/tools/bin/../lib/gcc/arm-none-eabi/11.3.1/../../../../arm-none-eabi/lib/thumb/v7-m/nofp\libc_nano.a(libc_a-strtoul.o)
 .text._strtoul_r
                0x000000000800de04        0x4 C:/ST/STM32CubeIDE_1.14.0/STM32CubeIDE/plugins/com.st.stm32cube.ide.mcu.externaltools.gnu-tools-for-stm32.11.3.rel1.win32_1.1.100.202309141235/tools/bin/../lib/gcc/arm-none-eabi/11.3.1/../../../../arm-none-eabi/lib/thumb/v7-m/nofp\libc_nano.a(libc_a-strtoul.o)
                0x000000000800de04                _strtoul_r
 .text._malloc_usable_size_r
                0x000000000800de08       0x10 C:/ST/STM32CubeIDE_1.14.0/STM32CubeIDE/plugins/com.st.stm32cube.ide.mcu.externaltools.gnu-tools-for-stm32.11.3.rel1.win32_1.1.100.202309141235/tools/bin/../lib/gcc/arm-none-eabi/11.3.1/../../../../arm-none-eabi/lib/thumb/v7-m/nofp\libc_nano.a(libc_a-msizer.o)
                0x000000000800de08                _malloc_usable_size_r
 *(.glue_7)
 .glue_7        0x000000000800de18        0x0 linker stubs
 *(.glue_7t)
 .glue_7t       0x000000000800de18        0x0 linker stubs
 *(.eh_frame)
 .eh_frame      0x000000000800de18        0x0 C:/ST/STM32CubeIDE_1.14.0/STM32CubeIDE/plugins/com.st.stm32cube.ide.mcu.externaltools.gnu-tools-for-stm32.11.3.rel1.win32_1.1.100.202309141235/tools/bin/../lib/gcc/arm-none-eabi/11.3.1/thumb/v7-m/nofp/crtbegin.o
 *(.init)
 .init          0x000000000800de18        0x4 C:/ST/STM32CubeIDE_1.14.0/STM32CubeIDE/plugins/com.st.stm32cube.ide.mcu.externaltools.gnu-tools-for-stm32.11.3.rel1.win32_1.1.100.202309141235/tools/bin/../lib/gcc/arm-none-eabi/11.3.1/thumb/v7-m/nofp/crti.o
                0x000000000800de18                _init
 .init          0x000000000800de1c        0x8 C:/ST/STM32CubeIDE_1.14.0/STM32CubeIDE/plugins/com.st.stm32cube.ide.mcu.externaltools.gnu-tools-for-stm32.11.3.rel1.win32_1.1.100.202309141235/tools/bin/../lib/gcc/arm-none-eabi/11.3.1/thumb/v7-m/nofp/crtn.o
 *(.fini)
 .fini          0x000000000800de24        0x4 C:/ST/STM32CubeIDE_1.14.0/STM32CubeIDE/plugins/com.st.stm32cube.ide.mcu.externaltools.gnu-tools-for-stm32.11.3.rel1.win32_1.1.100.202309141235/tools/bin/../lib/gcc/arm-none-eabi/11.3.1/thumb/v7-m/nofp/crti.o
                0x000000000800de24                _fini
 .fini          0x000000000800de28        0x8 C:/ST/STM32CubeIDE_1.14.0/STM32CubeIDE/plugins/com.st.stm32cube.ide.mcu.externaltools.gnu-tools-for-stm32.11.3.rel1.win32_1.1.100.202309141235/tools/bin/../lib/gcc/arm-none-eabi/11.3.1/thumb/v7-m/nofp/crtn.o
                0x000000000800de30                . = ALIGN (0x4)
                0x000000000800de30                _etext = .

.vfp11_veneer   0x000000000800de30        0x0
 .vfp11_veneer  0x000000000800de30        0x0 linker stubs

.v4_bx          0x000000000800de30        0x0
 .v4_bx         0x000000000800de30        0x0 linker stubs

.iplt           0x000000000800de30        0x0
 .iplt          0x000000000800de30        0x0 C:/ST/STM32CubeIDE_1.14.0/STM32CubeIDE/plugins/com.st.stm32cube.ide.mcu.externaltools.gnu-tools-for-stm32.11.3.rel1.win32_1.1.100.202309141235/tools/bin/../lib/gcc/arm-none-eabi/11.3.1/thumb/v7-m/nofp/crtbegin.o

.rodata         0x000000000800de30      0x6c8
                0x000000000800de30                . = ALIGN (0x4)
 *(.rodata)
 .rodata        0x000000000800de30       0xf3 ./Core/Src/comm.o
 *fill*         0x000000000800df23        0x1 
 .rodata        0x000000000800df24       0x3a ./Core/Src/display.o
 *fill*         0x000000000800df5e        0x2 
 .rodata        0x000000000800df60        0x3 ./Core/Src/flash.o
 *fill*         0x000000000800df63        0x1 
 .rodata        0x000000000800df64      0x145 ./Core/Src/params.o
 *fill*         0x000000000800e0a9        0x3 
 .rodata        0x000000000800e0ac       0x58 ./USB_DEVICE/App/usbd_desc.o
 .rodata        0x000000000800e104        0xc C:/ST/STM32CubeIDE_1.14.0/STM32CubeIDE/plugins/com.st.stm32cube.ide.mcu.externaltools.gnu-tools-for-stm32.11.3.rel1.win32_1.1.100.202309141235/tools/bin/../lib/gcc/arm-none-eabi/11.3.1/../../../../arm-none-eabi/lib/thumb/v7-m/nofp\libc_nano.a(libc_a-nano-vfscanf_i.o)
 *(.rodata*)
 .rodata.s_pins
                0x000000000800e110        0xc ./Core/Src/buttons.o
 .rodata.CONFIG_RESPONSE
                0x000000000800e11c       0x26 ./Core/Src/comm.o
 *fill*         0x000000000800e142        0x2 
 .rodata.FONT_6x8
                0x000000000800e144      0x1db ./Core/Src/display.o
 *fill*         0x000000000800e31f        0x1 
 .rodata.s_initSeq
                0x000000000800e320       0x19 ./Core/Src/display.o
 *fill*         0x000000000800e339        0x3 
 .rodata.k_palette
                0x000000000800e33c       0x18 ./Core/Src/leds.o
 .rodata.s_channels
                0x000000000800e354       0x14 ./Core/Src/sliders.o
 .rodata.AHBPrescTable
                0x000000000800e368       0x10 ./Core/Src/system_stm32f1xx.o
                0x000000000800e368                AHBPrescTable
 .rodata.APBPrescTable
                0x000000000800e378        0x8 ./Core/Src/system_stm32f1xx.o
                0x000000000800e378                APBPrescTable
 .rodata.aPLLMULFactorTable.1
                0x000000000800e380       0x10 ./Drivers/STM32F1xx_HAL_Driver/Src/stm32f1xx_hal_rcc.o
 .rodata.aPredivFactorTable.0
                0x000000000800e390        0x2 ./Drivers/STM32F1xx_HAL_Driver/Src/stm32f1xx_hal_rcc.o
 *fill*         0x000000000800e392        0x2 
 .rodata.aPLLMULFactorTable.1
                0x000000000800e394       0x10 ./Drivers/STM32F1xx_HAL_Driver/Src/stm32f1xx_hal_rcc_ex.o
 .rodata.aPredivFactorTable.0
                0x000000000800e3a4        0x2 ./Drivers/STM32F1xx_HAL_Driver/Src/stm32f1xx_hal_rcc_ex.o
 .rodata._svfprintf_r.str1.1
                0x000000000800e3a6       0x11 C:/ST/STM32CubeIDE_1.14.0/STM32CubeIDE/plugins/com.st.stm32cube.ide.mcu.externaltools.gnu-tools-for-stm32.11.3.rel1.win32_1.1.100.202309141235/tools/bin/../lib/gcc/arm-none-eabi/11.3.1/../../../../arm-none-eabi/lib/thumb/v7-m/nofp\libc_nano.a(libc_a-nano-svfprintf.o)
 .rodata.__ssvfscanf_r.str1.1
                0x000000000800e3b7        0x4 C:/ST/STM32CubeIDE_1.14.0/STM32CubeIDE/plugins/com.st.stm32cube.ide.mcu.externaltools.gnu-tools-for-stm32.11.3.rel1.win32_1.1.100.202309141235/tools/bin/../lib/gcc/arm-none-eabi/11.3.1/../../../../arm-none-eabi/lib/thumb/v7-m/nofp\libc_nano.a(libc_a-nano-svfscanf.o)
 .rodata._printf_i.str1.1
                0x000000000800e3b7       0x22 C:/ST/STM32CubeIDE_1.14.0/STM32CubeIDE/plugins/com.st.stm32cube.ide.mcu.externaltools.gnu-tools-for-stm32.11.3.rel1.win32_1.1.100.202309141235/tools/bin/../lib/gcc/arm-none-eabi/11.3.1/../../../../arm-none-eabi/lib/thumb/v7-m/nofp\libc_nano.a(libc_a-nano-vfprintf_i.o)
 .rodata._scanf_i.str1.1
                0x000000000800e3d9       0x12 C:/ST/STM32CubeIDE_1.14.0/STM32CubeIDE/plugins/com.st.stm32cube.ide.mcu.externaltools.gnu-tools-for-stm32.11.3.rel1.win32_1.1.100.202309141235/tools/bin/../lib/gcc/arm-none-eabi/11.3.1/../../../../arm-none-eabi/lib/thumb/v7-m/nofp\libc_nano.a(libc_a-nano-vfscanf_i.o)
 .rodata.str1.1
                0x000000000800e3eb        0x9 C:/ST/STM32CubeIDE_1.14.0/STM32CubeIDE/plugins/com.st.stm32cube.ide.mcu.externaltools.gnu-tools-for-stm32.11.3.rel1.win32_1.1.100.202309141235/tools/bin/../lib/gcc/arm-none-eabi/11.3.1/../../../../arm-none-eabi/lib/thumb/v7-m/nofp\libc_nano.a(libc_a-nano-vfscanf_i.o)
 .rodata._ctype_
                0x000000000800e3f4      0x101 C:/ST/STM32CubeIDE_1.14.0/STM32CubeIDE/plugins/com.st.stm32cube.ide.mcu.externaltools.gnu-tools-for-stm32.11.3.rel1.win32_1.1.100.202309141235/tools/bin/../lib/gcc/arm-none-eabi/11.3.1/../../../../arm-none-eabi/lib/thumb/v7-m/nofp\libc_nano.a(libc_a-ctype_.o)
                0x000000000800e3f4                _ctype_
                0x000000000800e4f8                . = ALIGN (0x4)
 *fill*         0x000000000800e4f5        0x3 

.rel.dyn        0x000000000800e4f8        0x0
 .rel.iplt      0x000000000800e4f8        0x0 C:/ST/STM32CubeIDE_1.14.0/STM32CubeIDE/plugins/com.st.stm32cube.ide.mcu.externaltools.gnu-tools-for-stm32.11.3.rel1.win32_1.1.100.202309141235/tools/bin/../lib/gcc/arm-none-eabi/11.3.1/thumb/v7-m/nofp/crtbegin.o

.ARM.extab      0x000000000800e4f8        0x0
                0x000000000800e4f8                . = ALIGN (0x4)
 *(.ARM.extab* .gnu.linkonce.armextab.*)
                0x000000000800e4f8                . = ALIGN (0x4)

.ARM            0x000000000800e4f8        0x0
                0x000000000800e4f8                . = ALIGN (0x4)
                0x000000000800e4f8                __exidx_start = .
 *(.ARM.exidx*)
                0x000000000800e4f8                __exidx_end = .
                0x000000000800e4f8                . = ALIGN (0x4)

.preinit_array  0x000000000800e4f8        0x0
                0x000000000800e4f8                . = ALIGN (0x4)
                0x000000000800e4f8                PROVIDE (__preinit_array_start = .)
 *(.preinit_array*)
                0x000000000800e4f8                PROVIDE (__preinit_array_end = .)
                0x000000000800e4f8                . = ALIGN (0x4)

.init_array     0x000000000800e4f8        0x4
                0x000000000800e4f8                . = ALIGN (0x4)
                0x000000000800e4f8                PROVIDE (__init_array_start = .)
 *(SORT_BY_NAME(.init_array.*))
 *(.init_array*)
 .init_array    0x000000000800e4f8        0x4 C:/ST/STM32CubeIDE_1.14.0/STM32CubeIDE/plugins/com.st.stm32cube.ide.mcu.externaltools.gnu-tools-for-stm32.11.3.rel1.win32_1.1.100.202309141235/tools/bin/../lib/gcc/arm-none-eabi/11.3.1/thumb/v7-m/nofp/crtbegin.o
                0x000000000800e4fc                PROVIDE (__init_array_end = .)
                0x000000000800e4fc                . = ALIGN (0x4)

.fini_array     0x000000000800e4fc        0x4
                0x000000000800e4fc                . = ALIGN (0x4)
                [!provide]                        PROVIDE (__fini_array_start = .)
 *(SORT_BY_NAME(.fini_array.*))
 *(.fini_array*)
 .fini_array    0x000000000800e4fc        0x4 C:/ST/STM32CubeIDE_1.14.0/STM32CubeIDE/plugins/com.st.stm32cube.ide.mcu.externaltools.gnu-tools-for-stm32.11.3.rel1.win32_1.1.100.202309141235/tools/bin/../lib/gcc/arm-none-eabi/11.3.1/thumb/v7-m/nofp/crtbegin.o
                [!provide]                        PROVIDE (__fini_array_end = .)
                0x000000000800e500                . = ALIGN (0x4)
                0x000000000800e500                _sidata = LOADADDR (.data)

.data           0x0000000020000000      0x1dc load address 0x000000000800e500
                0x0000000020000000                . = ALIGN (0x4)
                0x0000000020000000                _sdata = .
 *(.data)
 *(.data*)
 .data.s_force_redraw
                0x0000000020000000        0x1 ./Core/Src/display.o
 *fill*         0x0000000020000001        0x3 
 .data.s_surfTickMs
                0x0000000020000004        0x4 ./Core/Src/leds.o
 .data.s_rowStepMs
                0x0000000020000008        0x4 ./Core/Src/leds.o
 .data.s_brightness_pct
                0x000000002000000c        0x1 ./Core/Src/leds.o
 .data.s_slider_fill
                0x000000002000000d        0x1 ./Core/Src/leds.o
 .data.s_button_fill
                0x000000002000000e        0x1 ./Core/Src/leds.o
 .data.first_read.0
                0x000000002000000f        0x1 ./Core/Src/sliders.o
 .data.SystemCoreClock
                0x0000000020000010        0x4 ./Core/Src/system_stm32f1xx.o
                0x0000000020000010                SystemCoreClock
 .data.uwTickPrio
                0x0000000020000014        0x4 ./Drivers/STM32F1xx_HAL_Driver/Src/stm32f1xx_hal.o
                0x0000000020000014                uwTickPrio
 .data.uwTickFreq
                0x0000000020000018        0x1 ./Drivers/STM32F1xx_HAL_Driver/Src/stm32f1xx_hal.o
                0x0000000020000018                uwTickFreq
 *fill*         0x0000000020000019        0x3 
 .data.USBD_CDC_DeviceQualifierDesc
                0x000000002000001c        0xa ./Middlewares/ST/STM32_USB_Device_Library/Class/CDC/Src/usbd_cdc.o
 *fill*         0x0000000020000026        0x2 
 .data.USBD_CDC
                0x0000000020000028       0x38 ./Middlewares/ST/STM32_USB_Device_Library/Class/CDC/Src/usbd_cdc.o
                0x0000000020000028                USBD_CDC
 .data.USBD_CDC_CfgHSDesc
                0x0000000020000060       0x43 ./Middlewares/ST/STM32_USB_Device_Library/Class/CDC/Src/usbd_cdc.o
                0x0000000020000060                USBD_CDC_CfgHSDesc
 *fill*         0x00000000200000a3        0x1 
 .data.USBD_CDC_CfgFSDesc
                0x00000000200000a4       0x43 ./Middlewares/ST/STM32_USB_Device_Library/Class/CDC/Src/usbd_cdc.o
                0x00000000200000a4                USBD_CDC_CfgFSDesc
 *fill*         0x00000000200000e7        0x1 
 .data.USBD_CDC_OtherSpeedCfgDesc
                0x00000000200000e8       0x43 ./Middlewares/ST/STM32_USB_Device_Library/Class/CDC/Src/usbd_cdc.o
                0x00000000200000e8                USBD_CDC_OtherSpeedCfgDesc
 *fill*         0x000000002000012b        0x1 
 .data.USBD_Interface_fops_FS
                0x000000002000012c       0x10 ./USB_DEVICE/App/usbd_cdc_if.o
                0x000000002000012c                USBD_Interface_fops_FS
 .data.FS_Desc  0x000000002000013c       0x1c ./USB_DEVICE/App/usbd_desc.o
                0x000000002000013c                FS_Desc
 .data.USBD_FS_DeviceDesc
                0x0000000020000158       0x12 ./USB_DEVICE/App/usbd_desc.o
                0x0000000020000158                USBD_FS_DeviceDesc
 *fill*         0x000000002000016a        0x2 
 .data.USBD_LangIDDesc
                0x000000002000016c        0x4 ./USB_DEVICE/App/usbd_desc.o
                0x000000002000016c                USBD_LangIDDesc
 .data.USBD_StringSerial
                0x0000000020000170       0x1a ./USB_DEVICE/App/usbd_desc.o
                0x0000000020000170                USBD_StringSerial
 *fill*         0x000000002000018a        0x2 
 .data._impure_data
                0x000000002000018c       0x4c C:/ST/STM32CubeIDE_1.14.0/STM32CubeIDE/plugins/com.st.stm32cube.ide.mcu.externaltools.gnu-tools-for-stm32.11.3.rel1.win32_1.1.100.202309141235/tools/bin/../lib/gcc/arm-none-eabi/11.3.1/../../../../arm-none-eabi/lib/thumb/v7-m/nofp\libc_nano.a(libc_a-impure.o)
                0x000000002000018c                _impure_data
 .data._impure_ptr
                0x00000000200001d8        0x4 C:/ST/STM32CubeIDE_1.14.0/STM32CubeIDE/plugins/com.st.stm32cube.ide.mcu.externaltools.gnu-tools-for-stm32.11.3.rel1.win32_1.1.100.202309141235/tools/bin/../lib/gcc/arm-none-eabi/11.3.1/../../../../arm-none-eabi/lib/thumb/v7-m/nofp\libc_nano.a(libc_a-impure.o)
                0x00000000200001d8                _impure_ptr
 *(.RamFunc)
 *(.RamFunc*)
                0x00000000200001dc                . = ALIGN (0x4)
                0x00000000200001dc                _edata = .

.igot.plt       0x00000000200001dc        0x0 load address 0x000000000800e6dc
 .igot.plt      0x00000000200001dc        0x0 C:/ST/STM32CubeIDE_1.14.0/STM32CubeIDE/plugins/com.st.stm32cube.ide.mcu.externaltools.gnu-tools-for-stm32.11.3.rel1.win32_1.1.100.202309141235/tools/bin/../lib/gcc/arm-none-eabi/11.3.1/thumb/v7-m/nofp/crtbegin.o
                0x00000000200001dc                . = ALIGN (0x4)

.bss            0x00000000200001dc     0x2438 load address 0x000000000800e6dc
                0x00000000200001dc                _sbss = .
                0x00000000200001dc                __bss_start__ = _sbss
 *(.bss)
 .bss           0x00000000200001dc       0x1c C:/ST/STM32CubeIDE_1.14.0/STM32CubeIDE/plugins/com.st.stm32cube.ide.mcu.externaltools.gnu-tools-for-stm32.11.3.rel1.win32_1.1.100.202309141235/tools/bin/../lib/gcc/arm-none-eabi/11.3.1/thumb/v7-m/nofp/crtbegin.o
 *(.bss*)
 .bss.s_state   0x00000000200001f8        0x6 ./Core/Src/buttons.o
 *fill*         0x00000000200001fe        0x2 
 .bss.s_raw     0x0000000020000200        0x6 ./Core/Src/buttons.o
 *fill*         0x0000000020000206        0x2 
 .bss.s_lastChange
                0x0000000020000208       0x18 ./Core/Src/buttons.o
 .bss.s_pressEvent
                0x0000000020000220        0x6 ./Core/Src/buttons.o
 *fill*         0x0000000020000226        0x2 
 .bss.s_rxBuf   0x0000000020000228      0x100 ./Core/Src/comm.o
 .bss.s_rxHead  0x0000000020000328        0x2 ./Core/Src/comm.o
 *fill*         0x000000002000032a        0x2 
 .bss.s_lastSent
                0x000000002000032c        0xa ./Core/Src/comm.o
 .bss.s_lastSentValid
                0x0000000020000336        0x1 ./Core/Src/comm.o
 .bss.s_connected
                0x0000000020000337        0x1 ./Core/Src/comm.o
 .bss.s_lastPingTime
                0x0000000020000338        0x4 ./Core/Src/comm.o
 .bss.s_send_params_pending
                0x000000002000033c        0x1 ./Core/Src/comm.o
 .bss.s_burst_remaining
                0x000000002000033d        0x1 ./Core/Src/comm.o
 .bss.s_dispAnchorInit.2
                0x000000002000033e        0x1 ./Core/Src/comm.o
 *fill*         0x000000002000033f        0x1 
 .bss.s_dispAnchor.1
                0x0000000020000340        0xa ./Core/Src/comm.o
 *fill*         0x000000002000034a        0x2 
 .bss.buf.0     0x000000002000034c      0x200 ./Core/Src/comm.o
 .bss.s_lastSendTime
                0x000000002000054c        0x4 ./Core/Src/deskmixer.o
 .bss.s_fb      0x0000000020000550      0x400 ./Core/Src/display.o
 .bss.s_disp_state
                0x0000000020000950        0x1 ./Core/Src/display.o
 *fill*         0x0000000020000951        0x3 
 .bss.s_connected_msg_time
                0x0000000020000954        0x4 ./Core/Src/display.o
 .bss.s_override_time
                0x0000000020000958        0x4 ./Core/Src/display.o
 .bss.s_override_name
                0x000000002000095c       0x20 ./Core/Src/display.o
 .bss.s_override_value
                0x000000002000097c       0x10 ./Core/Src/display.o
 .bss.s_leds    0x000000002000098c       0x8a ./Core/Src/leds.o
 *fill*         0x0000000020000a16        0x2 
 .bss.s_spiBuf  0x0000000020000a18      0x232 ./Core/Src/leds.o
 *fill*         0x0000000020000c4a        0x2 
 .bss.s_encode  0x0000000020000c4c      0x400 ./Core/Src/leds.o
 .bss.s_surfState
                0x000000002000104c        0x1 ./Core/Src/leds.o
 .bss.s_curColor
                0x000000002000104d        0x1 ./Core/Src/leds.o
 .bss.s_nextColor
                0x000000002000104e        0x1 ./Core/Src/leds.o
 .bss.s_sweepRow
                0x000000002000104f        0x1 ./Core/Src/leds.o
 .bss.s_stateTime
                0x0000000020001050        0x4 ./Core/Src/leds.o
 .bss.s_rowColor
                0x0000000020001054        0x7 ./Core/Src/leds.o
 *fill*         0x000000002000105b        0x1 
 .bss.s_slider_custom_r
                0x000000002000105c        0x5 ./Core/Src/leds.o
 *fill*         0x0000000020001061        0x3 
 .bss.s_slider_custom_g
                0x0000000020001064        0x5 ./Core/Src/leds.o
 *fill*         0x0000000020001069        0x3 
 .bss.s_slider_custom_b
                0x000000002000106c        0x5 ./Core/Src/leds.o
 *fill*         0x0000000020001071        0x3 
 .bss.s_button_custom_r
                0x0000000020001074        0x6 ./Core/Src/leds.o
 *fill*         0x000000002000107a        0x2 
 .bss.s_button_custom_g
                0x000000002000107c        0x6 ./Core/Src/leds.o
 *fill*         0x0000000020001082        0x2 
 .bss.s_button_custom_b
                0x0000000020001084        0x6 ./Core/Src/leds.o
 .bss.s_slider_style
                0x000000002000108a        0x1 ./Core/Src/leds.o
 .bss.s_button_style
                0x000000002000108b        0x1 ./Core/Src/leds.o
 .bss.s_sliderScaled
                0x000000002000108c        0xa ./Core/Src/leds.o
 .bss.s_buttonMask
                0x0000000020001096        0x1 ./Core/Src/leds.o
 *fill*         0x0000000020001097        0x1 
 .bss.hadc1     0x0000000020001098       0x30 ./Core/Src/main.o
                0x0000000020001098                hadc1
 .bss.hi2c1     0x00000000200010c8       0x54 ./Core/Src/main.o
                0x00000000200010c8                hi2c1
 .bss.hspi1     0x000000002000111c       0x58 ./Core/Src/main.o
                0x000000002000111c                hspi1
 .bss.hspi2     0x0000000020001174       0x58 ./Core/Src/main.o
                0x0000000020001174                hspi2
 .bss.hdma_spi2_tx
                0x00000000200011cc       0x44 ./Core/Src/main.o
                0x00000000200011cc                hdma_spi2_tx
 .bss.s_params  0x0000000020001210       0xda ./Core/Src/params.o
 .bss.s_save_pending
                0x00000000200012ea        0x1 ./Core/Src/params.o
 *fill*         0x00000000200012eb        0x1 
 .bss.s_values  0x00000000200012ec        0xa ./Core/Src/sliders.o
 *fill*         0x00000000200012f6        0x2 
 .bss.s_raw12   0x00000000200012f8        0xa ./Core/Src/sliders.o
 *fill*         0x0000000020001302        0x2 
 .bss.__sbrk_heap_end
                0x0000000020001304        0x4 ./Core/Src/sysmem.o
 .bss.uwTick    0x0000000020001308        0x4 ./Drivers/STM32F1xx_HAL_Driver/Src/stm32f1xx_hal.o
                0x0000000020001308                uwTick
 .bss.cfgidx.0  0x000000002000130c        0x1 ./Middlewares/ST/STM32_USB_Device_Library/Core/Src/usbd_ctlreq.o
 *fill*         0x000000002000130d        0x3 
 .bss.hUsbDeviceFS
                0x0000000020001310      0x2c4 ./USB_DEVICE/App/usb_device.o
                0x0000000020001310                hUsbDeviceFS
 .bss.UserRxBufferFS
                0x00000000200015d4      0x400 ./USB_DEVICE/App/usbd_cdc_if.o
                0x00000000200015d4                UserRxBufferFS
 .bss.UserTxBufferFS
                0x00000000200019d4      0x400 ./USB_DEVICE/App/usbd_cdc_if.o
                0x00000000200019d4                UserTxBufferFS
 .bss.USBD_StrDesc
                0x0000000020001dd4      0x200 ./USB_DEVICE/App/usbd_desc.o
                0x0000000020001dd4                USBD_StrDesc
 .bss.hpcd_USB_FS
                0x0000000020001fd4      0x2d8 ./USB_DEVICE/Target/usbd_conf.o
                0x0000000020001fd4                hpcd_USB_FS
 .bss.mem.0     0x00000000200022ac      0x220 ./USB_DEVICE/Target/usbd_conf.o
 .bss.__sf      0x00000000200024cc      0x138 C:/ST/STM32CubeIDE_1.14.0/STM32CubeIDE/plugins/com.st.stm32cube.ide.mcu.externaltools.gnu-tools-for-stm32.11.3.rel1.win32_1.1.100.202309141235/tools/bin/../lib/gcc/arm-none-eabi/11.3.1/../../../../arm-none-eabi/lib/thumb/v7-m/nofp\libc_nano.a(libc_a-findfp.o)
                0x00000000200024cc                __sf
 .bss.errno     0x0000000020002604        0x4 C:/ST/STM32CubeIDE_1.14.0/STM32CubeIDE/plugins/com.st.stm32cube.ide.mcu.externaltools.gnu-tools-for-stm32.11.3.rel1.win32_1.1.100.202309141235/tools/bin/../lib/gcc/arm-none-eabi/11.3.1/../../../../arm-none-eabi/lib/thumb/v7-m/nofp\libc_nano.a(libc_a-reent.o)