../Core/Src/leds.c:79:13:build_lookup	24	static
../Core/Src/leds.c:146:13:rebuild_leds	32	static
../Core/Src/leds.c:235:6:LED_Init	16	static
../Core/Src/leds.c:257:6:LED_SetColor	16	static
../Core/Src/leds.c:265:6:LED_Fill	24	static
../Core/Src/leds.c:274:6:LED_RedToBlue	8	static
../Core/Src/leds.c:288:6:LED_SetSliderValue	24	static
../Core/Src/leds.c:302:6:LED_SetButtonMask	16	static
../Core/Src/leds.c:307:6:LED_Process	16	static
../Core/Src/leds.c:366:6:LED_Show	16	static
../Core/Src/leds.c:383:6:LED_Clear	8	static
