../Core/Src/params.c:55:13:set_default	16	static
../Core/Src/params.c:98:6:PARAMS_Init	8	static
../Core/Src/params.c:103:6:PARAMS_Load	8	static
../Core/Src/params.c:112:6:PARAMS_Save	8	static
../Core/Src/params.c:118:6:PARAMS_Process	8	static
../Core/Src/params.c:128:6:PARAMS_Update	40	static
../Core/Src/params.c:152:6:PARAMS_SendList	560	static
../Core/Src/params.c:168:13:PARAMS_GetSliderName	16	static
../Core/Src/params.c:180:13:PARAMS_GetButtonName	16	static
../Core/Src/params.c:195:6:PARAMS_SetBrightness	16	static
../Core/Src/params.c:203:6:PARAMS_SetSliderStyle	16	static
../Core/Src/params.c:210:6:PARAMS_SetButtonStyle	16	static
../Core/Src/params.c:217:6:PARAMS_SetSliderFill	16	static
../Core/Src/params.c:224:6:PARAMS_SetButtonFill	16	static
../Core/Src/params.c:231:6:PARAMS_SetAnimSpeed	16	static
../Core/Src/params.c:240:6:PARAMS_SetSliderColor	16	static
../Core/Src/params.c:249:6:PARAMS_SetButtonColor	16	static
../Core/Src/params.c:260:9:PARAMS_GetBrightness	4	static
../Core/Src/params.c:261:9:PARAMS_GetSliderStyle	4	static
../Core/Src/params.c:262:9:PARAMS_GetButtonStyle	4	static
../Core/Src/params.c:263:9:PARAMS_GetSliderFill	4	static
../Core/Src/params.c:264:9:PARAMS_GetButtonFill	4	static
../Core/Src/params.c:265:9:PARAMS_GetAnimSpeed	4	static
../Core/Src/params.c:267:16:PARAMS_GetSliderColor	16	static
../Core/Src/params.c:273:16:PARAMS_GetButtonColor	16	static
../Core/Src/params.c:281:6:PARAMS_ApplyToLeds	24	static
