../Core/Src/params.c:57:13:set_default	16	static
../Core/Src/params.c:102:6:PARAMS_Init	8	static
../Core/Src/params.c:107:6:PARAMS_Load	8	static
../Core/Src/params.c:116:6:PARAMS_Save	8	static
../Core/Src/params.c:122:6:PARAMS_Process	8	static
../Core/Src/params.c:132:6:PARAMS_Update	40	static
../Core/Src/params.c:156:6:PARAMS_SendList	1144	static
../Core/Src/params.c:185:13:PARAMS_GetSliderName	16	static
../Core/Src/params.c:197:13:PARAMS_GetButtonName	16	static
../Core/Src/params.c:212:6:PARAMS_SetBrightness	16	static
../Core/Src/params.c:220:6:PARAMS_SetSliderStyle	16	static
../Core/Src/params.c:227:6:PARAMS_SetSliderMode	16	static
../Core/Src/params.c:234:6:PARAMS_SetButtonStyle	16	static
../Core/Src/params.c:241:6:PARAMS_SetButtonMode	16	static
../Core/Src/params.c:248:6:PARAMS_SetSliderFill	16	static
../Core/Src/params.c:255:6:PARAMS_SetButtonFill	16	static
../Core/Src/params.c:262:6:PARAMS_SetAnimSpeed	16	static
../Core/Src/params.c:271:6:PARAMS_SetSliderColor	16	static
../Core/Src/params.c:280:6:PARAMS_SetButtonColor	16	static
../Core/Src/params.c:291:9:PARAMS_GetBrightness	4	static
../Core/Src/params.c:292:9:PARAMS_GetSliderStyle	4	static
../Core/Src/params.c:293:9:PARAMS_GetSliderMode	4	static
../Core/Src/params.c:294:9:PARAMS_GetButtonStyle	4	static
../Core/Src/params.c:295:9:PARAMS_GetButtonMode	4	static
../Core/Src/params.c:296:9:PARAMS_GetSliderFill	4	static
../Core/Src/params.c:297:9:PARAMS_GetButtonFill	4	static
../Core/Src/params.c:298:9:PARAMS_GetAnimSpeed	4	static
../Core/Src/params.c:300:16:PARAMS_GetSliderColor	16	static
../Core/Src/params.c:306:16:PARAMS_GetButtonColor	16	static
../Core/Src/params.c:314:6:PARAMS_ApplyToLeds	24	static
